<html>
<body>
<pre>
<h1>µVision Build Log</h1>
<h2>Project:</h2>
C:\Users\Nikhil\Dropbox\Current Documents\college stuff\2013 Fall\EE445L\EE445Labs\Lab1\OLED_1968\OLED.uvproj
Project File Date:  09/03/2013

<h2>Output:</h2>
Rebuild target 'OLED'
compiling OLEDTestMain.c...
compiling Output.c...
compiling rit128x96x4.c...
assembling Startup.s...
compiling fixed.c...
fixed.c(4): warning:  #21-D: type qualifiers are meaningless in this declaration
fixed.c(29): warning:  #68-D: integer conversion resulted in a change of sign
fixed.c(30): warning:  #68-D: integer conversion resulted in a change of sign
fixed.c(31): warning:  #68-D: integer conversion resulted in a change of sign
fixed.c(32): warning:  #68-D: integer conversion resulted in a change of sign
fixed.c(33): warning:  #68-D: integer conversion resulted in a change of sign
fixed.c(43): warning:  #951-D: return type of function "main" must be "int"
fixed.c(49): warning:  #223-D: function "strcmp" declared implicitly
fixed.c(120): warning:  #1-D: last line of file ends without a newline
linking...
Program Size: Code=2024 RO-data=448 RW-data=8 ZI-data=1040  
".\oled.axf" - 0 Errors, 9 Warning(s).
Load "C:\\Users\\Nikhil\\Dropbox\\Current Documents\\college stuff\\2013 Fall\\EE445L\\EE445Labs\\Lab1\\OLED_1968\\oled.axf" 
Warning: OSC to JTAG clock ratio violation - JTAG clock has been automatically adjusted to comply.
Connecting: Mode=JTAG, Speed=600000Hz
Connection failed!, error code=&d
Load "C:\\Users\\Nikhil\\Dropbox\\Current Documents\\college stuff\\2013 Fall\\EE445L\\EE445Labs\\Lab1\\OLED_1968\\oled.axf" 
Warning: OSC to JTAG clock ratio violation - JTAG clock has been automatically adjusted to comply.
Connecting: Mode=JTAG, Speed=600000Hz
Connection failed!, error code=&d
Rebuild target 'OLED'
compiling OLEDTestMain.c...
compiling Output.c...
compiling rit128x96x4.c...
assembling Startup.s...
compiling fixed.c...
fixed.c(4): warning:  #21-D: type qualifiers are meaningless in this declaration
fixed.c(29): warning:  #68-D: integer conversion resulted in a change of sign
fixed.c(30): warning:  #68-D: integer conversion resulted in a change of sign
fixed.c(31): warning:  #68-D: integer conversion resulted in a change of sign
fixed.c(32): warning:  #68-D: integer conversion resulted in a change of sign
fixed.c(33): warning:  #68-D: integer conversion resulted in a change of sign
fixed.c(56): warning:  #951-D: return type of function "main" must be "int"
fixed.c(62): warning:  #223-D: function "strcmp" declared implicitly
fixed.c(133): warning:  #1-D: last line of file ends without a newline
linking...
Program Size: Code=2024 RO-data=608 RW-data=8 ZI-data=1040  
".\oled.axf" - 0 Errors, 9 Warning(s).
Rebuild target 'OLED'
compiling OLEDTestMain.c...
compiling Output.c...
compiling rit128x96x4.c...
assembling Startup.s...
compiling fixed.c...
fixed.c(4): warning:  #21-D: type qualifiers are meaningless in this declaration
fixed.c(29): warning:  #68-D: integer conversion resulted in a change of sign
fixed.c(30): warning:  #68-D: integer conversion resulted in a change of sign
fixed.c(31): warning:  #68-D: integer conversion resulted in a change of sign
fixed.c(32): warning:  #68-D: integer conversion resulted in a change of sign
fixed.c(33): warning:  #68-D: integer conversion resulted in a change of sign
fixed.c(56): warning:  #951-D: return type of function "main" must be "int"
fixed.c(62): warning:  #223-D: function "strcmp" declared implicitly
fixed.c(133): warning:  #1-D: last line of file ends without a newline
linking...
Program Size: Code=2024 RO-data=608 RW-data=8 ZI-data=1040  
".\oled.axf" - 0 Errors, 9 Warning(s).
Rebuild target 'OLED'
compiling OLEDTestMain.c...
compiling Output.c...
compiling rit128x96x4.c...
assembling Startup.s...
compiling fixed.c...
fixed.c(4): warning:  #21-D: type qualifiers are meaningless in this declaration
fixed.c(29): warning:  #68-D: integer conversion resulted in a change of sign
fixed.c(30): warning:  #68-D: integer conversion resulted in a change of sign
fixed.c(31): warning:  #68-D: integer conversion resulted in a change of sign
fixed.c(32): warning:  #68-D: integer conversion resulted in a change of sign
fixed.c(33): warning:  #68-D: integer conversion resulted in a change of sign
fixed.c(56): warning:  #951-D: return type of function "main" must be "int"
fixed.c(62): warning:  #223-D: function "strcmp" declared implicitly
fixed.c(133): warning:  #1-D: last line of file ends without a newline
linking...
Program Size: Code=2024 RO-data=608 RW-data=8 ZI-data=1040  
".\oled.axf" - 0 Errors, 9 Warning(s).
Rebuild target 'OLED'
compiling OLEDTestMain.c...
compiling Output.c...
compiling rit128x96x4.c...
assembling Startup.s...
compiling fixed.c...
fixed.c(4): warning:  #21-D: type qualifiers are meaningless in this declaration
fixed.c(29): warning:  #68-D: integer conversion resulted in a change of sign
fixed.c(30): warning:  #68-D: integer conversion resulted in a change of sign
fixed.c(31): warning:  #68-D: integer conversion resulted in a change of sign
fixed.c(32): warning:  #68-D: integer conversion resulted in a change of sign
fixed.c(33): warning:  #68-D: integer conversion resulted in a change of sign
fixed.c(56): warning:  #951-D: return type of function "main" must be "int"
fixed.c(62): warning:  #223-D: function "strcmp" declared implicitly
fixed.c(133): warning:  #1-D: last line of file ends without a newline
linking...
Program Size: Code=2024 RO-data=608 RW-data=8 ZI-data=1040  
".\oled.axf" - 0 Errors, 9 Warning(s).
Rebuild target 'OLED'
compiling OLEDTestMain.c...
compiling Output.c...
compiling rit128x96x4.c...
assembling Startup.s...
compiling fixed.c...
fixed.c(4): warning:  #21-D: type qualifiers are meaningless in this declaration
fixed.c(29): warning:  #68-D: integer conversion resulted in a change of sign
fixed.c(30): warning:  #68-D: integer conversion resulted in a change of sign
fixed.c(31): warning:  #68-D: integer conversion resulted in a change of sign
fixed.c(32): warning:  #68-D: integer conversion resulted in a change of sign
fixed.c(33): warning:  #68-D: integer conversion resulted in a change of sign
fixed.c(56): warning:  #951-D: return type of function "main" must be "int"
fixed.c(62): warning:  #223-D: function "strcmp" declared implicitly
fixed.c(133): warning:  #1-D: last line of file ends without a newline
linking...
Program Size: Code=2020 RO-data=608 RW-data=8 ZI-data=1040  
".\oled.axf" - 0 Errors, 9 Warning(s).
