<html>
<body>
<pre>
<h1>µVision Build Log</h1>
<h2>Project:</h2>
C:\Users\Nikhil\Dropbox\Current Documents\College stuff\2013 Fall\EE445L\EE445Labs\Lab1\OLED_1968\OLED.uvproj
Project File Date:  09/03/2013

<h2>Output:</h2>
Rebuild target 'OLED'
compiling OLEDTestMain.c...
compiling Output.c...
compiling rit128x96x4.c...
assembling Startup.s...
compiling fixed.c...
fixed.c(4): warning:  #21-D: type qualifiers are meaningless in this declaration
fixed.c(29): warning:  #951-D: return type of function "main" must be "int"
fixed.c(34): warning:  #223-D: function "strcmp" declared implicitly
fixed.c(87): warning:  #1-D: last line of file ends without a newline
linking...
Program Size: Code=1404 RO-data=288 RW-data=8 ZI-data=1040  
".\oled.axf" - 0 Errors, 4 Warning(s).
