<html>
<body>
<pre>
<h1>µVision Build Log</h1>
<h2>Project:</h2>
C:\Users\Nikhil\Dropbox\Current Documents\College stuff\2013 Fall\EE445L\EE445Labs\Lab3 Logo_1968\Logo.uvproj
Project File Date:  09/16/2013

<h2>Output:</h2>
Rebuild target 'Logo'
assembling Startup.s...
compiling rit128x96x4.c...
compiling LogoTestMain.c...
SysTick.h(41): error:  #130: expected a "{"
LogoTestMain.c(44): warning:  #12-D: parsing restarts here after previous syntax error
LogoTestMain.c(45): error:  #20: identifier "subs" is undefined
LogoTestMain.c(45): error:  #10: "#" not expected here
LogoTestMain.c(45): error:  #40: expected an identifier
LogoTestMain.c(48): warning:  #12-D: parsing restarts here after previous syntax error
LogoTestMain.c(48): error:  #65: expected a ";"
LogoTestMain.c(156): warning:  #223-D: function "Delay" declared implicitly
LogoTestMain.c(176): warning:  #223-D: function "printf" declared implicitly
compiling logo.c...
compiling PLL.c...
compiling SysTick.c...
compiling Output.c...
".\Logo.axf" - 5 Errors, 4 Warning(s).
Target not created
Rebuild target 'Logo'
assembling Startup.s...
compiling rit128x96x4.c...
compiling LogoTestMain.c...
LogoTestMain.c(176): warning:  #223-D: function "printf" declared implicitly
compiling logo.c...
compiling PLL.c...
compiling SysTick.c...
compiling Output.c...
linking...
Program Size: Code=6544 RO-data=3700 RW-data=32 ZI-data=1880  
".\Logo.axf" - 0 Errors, 1 Warning(s).
Rebuild target 'Logo'
assembling Startup.s...
compiling rit128x96x4.c...
compiling LogoTestMain.c...
LogoTestMain.c(152): warning:  #223-D: function "mainTestInterrupt" declared implicitly
LogoTestMain.c(151): warning:  #177-D: variable "i" was declared but never referenced
LogoTestMain.c(177): warning:  #223-D: function "printf" declared implicitly
compiling logo.c...
compiling PLL.c...
compiling SysTick.c...
compiling Output.c...
linking...
Program Size: Code=6388 RO-data=772 RW-data=32 ZI-data=1880  
".\Logo.axf" - 0 Errors, 3 Warning(s).
Rebuild target 'Logo'
assembling Startup.s...
compiling rit128x96x4.c...
compiling LogoTestMain.c...
LogoTestMain.c(150): warning:  #1295-D: Deprecated declaration mainTestInterrupt - give arg types
LogoTestMain.c(152): warning:  #177-D: variable "i" was declared but never referenced
LogoTestMain.c(169): error:  #147: declaration is incompatible with "void mainTestInterrupt()" (declared at line 150)
LogoTestMain.c(178): warning:  #223-D: function "printf" declared implicitly
compiling logo.c...
compiling PLL.c...
compiling SysTick.c...
compiling Output.c...
".\Logo.axf" - 1 Errors, 3 Warning(s).
Target not created
Rebuild target 'Logo'
assembling Startup.s...
compiling rit128x96x4.c...
compiling LogoTestMain.c...
LogoTestMain.c(151): warning:  #223-D: function "mainTestInterrupt" declared implicitly
LogoTestMain.c(150): warning:  #177-D: variable "i" was declared but never referenced
LogoTestMain.c(176): warning:  #223-D: function "printf" declared implicitly
compiling logo.c...
compiling PLL.c...
compiling SysTick.c...
compiling Output.c...
linking...
Program Size: Code=6388 RO-data=772 RW-data=32 ZI-data=1880  
".\Logo.axf" - 0 Errors, 3 Warning(s).
Load "C:\\Users\\Nikhil\\Dropbox\\Current Documents\\College stuff\\2013 Fall\\EE445L\\EE445Labs\\Lab3 Logo_1968\\Logo.axf" 
Connecting: Mode=JTAG, Speed=1000000Hz
Erase Done.
Programming Done.
Verify OK.
Rebuild target 'Logo'
assembling Startup.s...
compiling rit128x96x4.c...
compiling LogoTestMain.c...
LogoTestMain.c(151): warning:  #223-D: function "mainTestInterrupt" declared implicitly
LogoTestMain.c(150): warning:  #177-D: variable "i" was declared but never referenced
LogoTestMain.c(177): warning:  #223-D: function "printf" declared implicitly
compiling logo.c...
compiling PLL.c...
compiling SysTick.c...
compiling Output.c...
linking...
Program Size: Code=6388 RO-data=772 RW-data=32 ZI-data=1880  
".\Logo.axf" - 0 Errors, 3 Warning(s).
Load "C:\\Users\\Nikhil\\Dropbox\\Current Documents\\College stuff\\2013 Fall\\EE445L\\EE445Labs\\Lab3 Logo_1968\\Logo.axf" 
Connecting: Mode=JTAG, Speed=1000000Hz
Erase Done.
Programming Done.
Verify OK.
Rebuild target 'Logo'
assembling Startup.s...
compiling rit128x96x4.c...
compiling LogoTestMain.c...
LogoTestMain.c(151): warning:  #223-D: function "mainTestInterrupt" declared implicitly
LogoTestMain.c(150): warning:  #177-D: variable "i" was declared but never referenced
LogoTestMain.c(177): warning:  #223-D: function "printf" declared implicitly
compiling logo.c...
compiling PLL.c...
compiling SysTick.c...
compiling Output.c...
linking...
Program Size: Code=3908 RO-data=760 RW-data=24 ZI-data=1528  
".\Logo.axf" - 0 Errors, 3 Warning(s).
Load "C:\\Users\\Nikhil\\Dropbox\\Current Documents\\College stuff\\2013 Fall\\EE445L\\EE445Labs\\Lab3 Logo_1968\\Logo.axf" 
Connecting: Mode=JTAG, Speed=1000000Hz
Erase Done.
Programming Done.
Verify OK.
Rebuild target 'Logo'
assembling Startup.s...
compiling rit128x96x4.c...
compiling LogoTestMain.c...
LogoTestMain.c(151): warning:  #223-D: function "mainTestInterrupt" declared implicitly
LogoTestMain.c(150): warning:  #177-D: variable "i" was declared but never referenced
LogoTestMain.c(170): warning:  #223-D: function "printf" declared implicitly
LogoTestMain.c(171): error:  #18: expected a ")"
LogoTestMain.c(177): warning:  #223-D: function "printf" declared implicitly
compiling logo.c...
compiling PLL.c...
compiling SysTick.c...
compiling Output.c...
".\Logo.axf" - 1 Errors, 4 Warning(s).
Target not created
Rebuild target 'Logo'
assembling Startup.s...
compiling rit128x96x4.c...
compiling LogoTestMain.c...
LogoTestMain.c(151): warning:  #223-D: function "mainTestInterrupt" declared implicitly
LogoTestMain.c(150): warning:  #177-D: variable "i" was declared but never referenced
LogoTestMain.c(170): warning:  #223-D: function "printf" declared implicitly
LogoTestMain.c(177): warning:  #223-D: function "printf" declared implicitly
compiling logo.c...
compiling PLL.c...
compiling SysTick.c...
compiling Output.c...
linking...
Program Size: Code=3924 RO-data=760 RW-data=24 ZI-data=1528  
".\Logo.axf" - 0 Errors, 4 Warning(s).
Load "C:\\Users\\Nikhil\\Dropbox\\Current Documents\\College stuff\\2013 Fall\\EE445L\\EE445Labs\\Lab3 Logo_1968\\Logo.axf" 
Connecting: Mode=JTAG, Speed=1000000Hz
Erase Done.
Programming Done.
Verify OK.
Rebuild target 'Logo'
assembling Startup.s...
compiling rit128x96x4.c...
compiling LogoTestMain.c...
LogoTestMain.c(151): warning:  #223-D: function "printf" declared implicitly
LogoTestMain.c(152): warning:  #223-D: function "mainTestInterrupt" declared implicitly
LogoTestMain.c(150): warning:  #177-D: variable "i" was declared but never referenced
LogoTestMain.c(171): warning:  #223-D: function "printf" declared implicitly
LogoTestMain.c(178): warning:  #223-D: function "printf" declared implicitly
compiling logo.c...
compiling PLL.c...
compiling SysTick.c...
compiling Output.c...
linking...
Program Size: Code=3932 RO-data=760 RW-data=24 ZI-data=1528  
".\Logo.axf" - 0 Errors, 5 Warning(s).
Load "C:\\Users\\Nikhil\\Dropbox\\Current Documents\\College stuff\\2013 Fall\\EE445L\\EE445Labs\\Lab3 Logo_1968\\Logo.axf" 
Connecting: Mode=JTAG, Speed=1000000Hz
Erase Done.
Programming Done.
Verify OK.
Rebuild target 'Logo'
assembling Startup.s...
compiling rit128x96x4.c...
compiling LogoTestMain.c...
LogoTestMain.c(152): warning:  #223-D: function "printf" declared implicitly
LogoTestMain.c(153): warning:  #223-D: function "mainTestInterrupt" declared implicitly
LogoTestMain.c(150): warning:  #177-D: variable "i" was declared but never referenced
LogoTestMain.c(172): warning:  #223-D: function "printf" declared implicitly
LogoTestMain.c(179): warning:  #223-D: function "printf" declared implicitly
compiling logo.c...
compiling PLL.c...
compiling SysTick.c...
compiling Output.c...
linking...
Program Size: Code=3936 RO-data=760 RW-data=24 ZI-data=1528  
".\Logo.axf" - 0 Errors, 5 Warning(s).
Load "C:\\Users\\Nikhil\\Dropbox\\Current Documents\\College stuff\\2013 Fall\\EE445L\\EE445Labs\\Lab3 Logo_1968\\Logo.axf" 
Connecting: Mode=JTAG, Speed=1000000Hz
Erase Done.
Programming Done.
Verify OK.
Rebuild target 'Logo'
assembling Startup.s...
compiling rit128x96x4.c...
compiling LogoTestMain.c...
LogoTestMain.c(152): warning:  #223-D: function "printf" declared implicitly
LogoTestMain.c(153): warning:  #223-D: function "mainTestInterrupt" declared implicitly
LogoTestMain.c(150): warning:  #177-D: variable "i" was declared but never referenced
LogoTestMain.c(175): warning:  #223-D: function "printf" declared implicitly
LogoTestMain.c(183): warning:  #223-D: function "printf" declared implicitly
compiling logo.c...
compiling PLL.c...
compiling SysTick.c...
compiling Output.c...
linking...
Program Size: Code=4664 RO-data=760 RW-data=28 ZI-data=1532  
".\Logo.axf" - 0 Errors, 5 Warning(s).
Load "C:\\Users\\Nikhil\\Dropbox\\Current Documents\\College stuff\\2013 Fall\\EE445L\\EE445Labs\\Lab3 Logo_1968\\Logo.axf" 
Connecting: Mode=JTAG, Speed=1000000Hz
Erase Done.
Programming Done.
Verify OK.
Rebuild target 'Logo'
assembling Startup.s...
compiling rit128x96x4.c...
compiling LogoTestMain.c...
LogoTestMain.c(152): warning:  #223-D: function "printf" declared implicitly
LogoTestMain.c(153): warning:  #223-D: function "mainTestInterrupt" declared implicitly
LogoTestMain.c(150): warning:  #177-D: variable "i" was declared but never referenced
LogoTestMain.c(175): warning:  #223-D: function "printf" declared implicitly
LogoTestMain.c(183): warning:  #223-D: function "printf" declared implicitly
compiling logo.c...
compiling PLL.c...
compiling SysTick.c...
compiling Output.c...
linking...
Program Size: Code=4332 RO-data=760 RW-data=28 ZI-data=1532  
".\Logo.axf" - 0 Errors, 5 Warning(s).
Rebuild target 'Logo'
assembling Startup.s...
compiling rit128x96x4.c...
compiling LogoTestMain.c...
LogoTestMain.c(152): warning:  #223-D: function "printf" declared implicitly
LogoTestMain.c(153): warning:  #223-D: function "mainTestInterrupt" declared implicitly
LogoTestMain.c(150): warning:  #177-D: variable "i" was declared but never referenced
LogoTestMain.c(175): warning:  #223-D: function "printf" declared implicitly
LogoTestMain.c(183): warning:  #223-D: function "printf" declared implicitly
compiling logo.c...
compiling PLL.c...
compiling SysTick.c...
compiling Output.c...
linking...
Program Size: Code=4332 RO-data=760 RW-data=28 ZI-data=1532  
".\Logo.axf" - 0 Errors, 5 Warning(s).
Load "C:\\Users\\Nikhil\\Dropbox\\Current Documents\\College stuff\\2013 Fall\\EE445L\\EE445Labs\\Lab3 Logo_1968\\Logo.axf" 
Connecting: Mode=JTAG, Speed=1000000Hz
Erase Done.
Programming Done.
Verify OK.
Rebuild target 'Logo'
assembling Startup.s...
compiling rit128x96x4.c...
compiling LogoTestMain.c...
LogoTestMain.c(152): warning:  #223-D: function "printf" declared implicitly
LogoTestMain.c(153): warning:  #223-D: function "mainTestInterrupt" declared implicitly
LogoTestMain.c(150): warning:  #177-D: variable "i" was declared but never referenced
LogoTestMain.c(175): warning:  #223-D: function "printf" declared implicitly
LogoTestMain.c(183): warning:  #223-D: function "printf" declared implicitly
compiling logo.c...
compiling PLL.c...
compiling SysTick.c...
SysTick.c(54): warning:  #223-D: function "EnableInterrupts" declared implicitly
compiling Output.c...
linking...
Program Size: Code=4364 RO-data=760 RW-data=28 ZI-data=1532  
".\Logo.axf" - 0 Errors, 6 Warning(s).
Load "C:\\Users\\Nikhil\\Dropbox\\Current Documents\\College stuff\\2013 Fall\\EE445L\\EE445Labs\\Lab3 Logo_1968\\Logo.axf" 
Connecting: Mode=JTAG, Speed=1000000Hz
Erase Done.
Programming Done.
Verify OK.
Rebuild target 'Logo'
assembling Startup.s...
compiling rit128x96x4.c...
compiling LogoTestMain.c...
LogoTestMain.c(152): warning:  #223-D: function "printf" declared implicitly
LogoTestMain.c(153): warning:  #223-D: function "mainTestInterrupt" declared implicitly
LogoTestMain.c(150): warning:  #177-D: variable "i" was declared but never referenced
LogoTestMain.c(175): warning:  #223-D: function "printf" declared implicitly
LogoTestMain.c(183): warning:  #223-D: function "printf" declared implicitly
compiling logo.c...
compiling PLL.c...
compiling SysTick.c...
SysTick.c(54): warning:  #223-D: function "EnableInterrupts" declared implicitly
compiling Output.c...
linking...
Program Size: Code=4364 RO-data=760 RW-data=28 ZI-data=1532  
".\Logo.axf" - 0 Errors, 6 Warning(s).
Load "C:\\Users\\Nikhil\\Dropbox\\Current Documents\\College stuff\\2013 Fall\\EE445L\\EE445Labs\\Lab3 Logo_1968\\Logo.axf" 
Connecting: Mode=JTAG, Speed=1000000Hz
Erase Done.
Programming Done.
Verify OK.
Rebuild target 'Logo'
assembling Startup.s...
compiling rit128x96x4.c...
compiling LogoTestMain.c...
LogoTestMain.c(152): warning:  #223-D: function "printf" declared implicitly
LogoTestMain.c(153): warning:  #223-D: function "mainTestInterrupt" declared implicitly
LogoTestMain.c(150): warning:  #177-D: variable "i" was declared but never referenced
LogoTestMain.c(175): warning:  #223-D: function "printf" declared implicitly
LogoTestMain.c(183): warning:  #223-D: function "printf" declared implicitly
compiling logo.c...
compiling PLL.c...
compiling SysTick.c...
SysTick.c(54): warning:  #223-D: function "EnableInterrupts" declared implicitly
compiling Output.c...
linking...
Program Size: Code=4028 RO-data=760 RW-data=28 ZI-data=1532  
".\Logo.axf" - 0 Errors, 6 Warning(s).
Load "C:\\Users\\Nikhil\\Dropbox\\Current Documents\\College stuff\\2013 Fall\\EE445L\\EE445Labs\\Lab3 Logo_1968\\Logo.axf" 
Connecting: Mode=JTAG, Speed=1000000Hz
Erase Done.
Programming Done.
Verify OK.
Rebuild target 'Logo'
assembling Startup.s...
compiling rit128x96x4.c...
compiling LogoTestMain.c...
LogoTestMain.c(152): warning:  #223-D: function "printf" declared implicitly
LogoTestMain.c(153): warning:  #223-D: function "mainTestInterrupt" declared implicitly
LogoTestMain.c(150): warning:  #177-D: variable "i" was declared but never referenced
LogoTestMain.c(175): warning:  #223-D: function "printf" declared implicitly
LogoTestMain.c(183): warning:  #223-D: function "printf" declared implicitly
compiling logo.c...
compiling PLL.c...
compiling SysTick.c...
SysTick.c(54): warning:  #223-D: function "EnableInterrupts" declared implicitly
compiling Output.c...
linking...
Program Size: Code=4028 RO-data=760 RW-data=28 ZI-data=1532  
".\Logo.axf" - 0 Errors, 6 Warning(s).
Load "C:\\Users\\Nikhil\\Dropbox\\Current Documents\\College stuff\\2013 Fall\\EE445L\\EE445Labs\\Lab3 Logo_1968\\Logo.axf" 
Connecting: Mode=JTAG, Speed=1000000Hz
Erase Done.
Programming Done.
Verify OK.
