<html>
<body>
<pre>
<h1>µVision Build Log</h1>
<h2>Project:</h2>
C:\Users\Nikhil\Dropbox\Current Documents\College stuff\2013 Fall\EE445L\EE445Labs\Lab3 Logo_1968\Logo.uvproj
Project File Date:  09/16/2013

<h2>Output:</h2>
Rebuild target 'Logo'
assembling Startup.s...
compiling rit128x96x4.c...
rit128x96x4.c(921): warning:  #550-D: variable "miny" was set but never used
rit128x96x4.c(923): warning:  #550-D: variable "maxy" was set but never used
compiling LogoTestMain.c...
LogoTestMain.c(150): warning:  #177-D: variable "i" was declared but never referenced
LogoTestMain.c(184): warning:  #223-D: function "printf" declared implicitly
LogoTestMain.c(192): warning:  #223-D: function "printf" declared implicitly
compiling logo.c...
compiling PLL.c...
compiling SysTick.c...
SysTick.c(54): warning:  #223-D: function "EnableInterrupts" declared implicitly
compiling Output.c...
compiling Buttons.c...
..\driverlib\gpio.h(730): error:  #20: identifier "tBoolean" is undefined
compiling OLED.c...
compiling Speakers.c...
".\Logo.axf" - 1 Errors, 6 Warning(s).
Target not created
Rebuild target 'Logo'
assembling Startup.s...
compiling rit128x96x4.c...
rit128x96x4.c(921): warning:  #550-D: variable "miny" was set but never used
rit128x96x4.c(923): warning:  #550-D: variable "maxy" was set but never used
compiling LogoTestMain.c...
LogoTestMain.c(150): warning:  #177-D: variable "i" was declared but never referenced
LogoTestMain.c(184): warning:  #223-D: function "printf" declared implicitly
LogoTestMain.c(192): warning:  #223-D: function "printf" declared implicitly
compiling logo.c...
compiling PLL.c...
compiling SysTick.c...
SysTick.c(54): warning:  #223-D: function "EnableInterrupts" declared implicitly
compiling Output.c...
compiling Buttons.c...
Buttons.c(16): warning:  #1-D: last line of file ends without a newline
compiling OLED.c...
compiling Speakers.c...
linking...
Program Size: Code=5060 RO-data=760 RW-data=28 ZI-data=9724  
".\Logo.axf" - 0 Errors, 7 Warning(s).
Clean started: Project: 'Logo'
   deleting intermediate output files for target 'Logo'
Rebuild target 'Logo'
assembling Startup.s...
compiling rit128x96x4.c...
rit128x96x4.c(921): warning:  #550-D: variable "miny" was set but never used
rit128x96x4.c(923): warning:  #550-D: variable "maxy" was set but never used
compiling LogoTestMain.c...
LogoTestMain.c(150): warning:  #177-D: variable "i" was declared but never referenced
LogoTestMain.c(184): warning:  #223-D: function "printf" declared implicitly
LogoTestMain.c(192): warning:  #223-D: function "printf" declared implicitly
compiling logo.c...
compiling PLL.c...
compiling SysTick.c...
SysTick.c(54): warning:  #223-D: function "EnableInterrupts" declared implicitly
compiling Output.c...
compiling Buttons.c...
Buttons.c(16): warning:  #1-D: last line of file ends without a newline
compiling OLED.c...
compiling Speakers.c...
linking...
Program Size: Code=5060 RO-data=760 RW-data=28 ZI-data=9724  
".\Logo.axf" - 0 Errors, 7 Warning(s).
Rebuild target 'Logo'
assembling Startup.s...
compiling rit128x96x4.c...
rit128x96x4.c(921): warning:  #550-D: variable "miny" was set but never used
rit128x96x4.c(923): warning:  #550-D: variable "maxy" was set but never used
compiling logo.c...
compiling PLL.c...
compiling SysTick.c...
SysTick.c(54): warning:  #223-D: function "EnableInterrupts" declared implicitly
compiling Output.c...
compiling Buttons.c...
globals.h(37): warning:  #1-D: last line of file ends without a newline
helper.h(5): warning:  #1-D: last line of file ends without a newline
Buttons.c(10): warning:  #1295-D: Deprecated declaration switchHandler - give arg types
Buttons.c(105): warning:  #1-D: last line of file ends without a newline
compiling OLED.c...
compiling Speakers.c...
compiling helper.c...
helper.c(20): warning:  #1-D: last line of file ends without a newline
linking...
.\Logo.axf: Error: L6218E: Undefined symbol main (referred from entry9a.o).
".\Logo.axf" - 1 Errors, 8 Warning(s).
Target not created
