<html>
<body>
<pre>
<h1>µVision Build Log</h1>
<h2>Project:</h2>
C:\Users\Nikhil\Dropbox\Current Documents\College stuff\2013 Fall\EE445L\EE445Labs\Lab2\FIFO_1968.uvproj
Project File Date:  09/10/2013

<h2>Output:</h2>
Rebuild target 'FIFO'
assembling Startup.s...
compiling FIFOTestMain.c...
compiling FIFO.c...
linking...
Program Size: Code=3080 RO-data=32 RW-data=56 ZI-data=1488  
".\FIFO.axf" - 0 Errors, 0 Warning(s).
Load "C:\\Users\\Nikhil\\Dropbox\\Current Documents\\College stuff\\2013 Fall\\EE445L\\EE445Labs\\Lab2\\FIFO.axf" 
Connecting: Mode=JTAG, Speed=1000000Hz
Erase Done.
Programming Done.
Verify OK.
Load "C:\\Users\\Nikhil\\Dropbox\\Current Documents\\College stuff\\2013 Fall\\EE445L\\EE445Labs\\Lab2\\FIFO.axf" 
Connecting: Mode=JTAG, Speed=1000000Hz
Erase Done.
Programming Done.
Verify OK.
Load "C:\\Users\\Nikhil\\Dropbox\\Current Documents\\College stuff\\2013 Fall\\EE445L\\EE445Labs\\Lab2\\FIFO.axf" 
Connecting: Mode=JTAG, Speed=1000000Hz
Erase Done.
Programming Done.
Verify OK.
