<html>
<body>
<pre>
<h1>µVision Build Log</h1>
<h2>Project:</h2>
C:\Users\Nikhil\Dropbox\Current Documents\College stuff\2013 Fall\EE445L\EE445Labs\Lab2 - Compiled\FIFO_1968.uvproj
Project File Date:  09/14/2013

<h2>Output:</h2>
Rebuild target 'FIFO'
assembling Startup.s...
compiling FIFO.c...
compiling Output.c...
compiling Performance.c...
Performance.c(133): warning:  #223-D: function "printf" declared implicitly
compiling rit128x96x4.c...
compiling SysTick.c...
compiling FIFOTestMain.c...
FIFOTestMain.c(195): warning:  #223-D: function "printf" declared implicitly
linking...
.\FIFO.axf: Error: L6200E: Symbol __ARM_use_no_argv multiply defined (by fifotestmain.o and performance.o).
.\FIFO.axf: Error: L6200E: Symbol before multiply defined (by fifotestmain.o and performance.o).
.\FIFO.axf: Error: L6200E: Symbol elapsed multiply defined (by fifotestmain.o and performance.o).
.\FIFO.axf: Error: L6200E: Symbol main multiply defined (by fifotestmain.o and performance.o).
".\FIFO.axf" - 4 Errors, 2 Warning(s).
Target not created
Rebuild target 'FIFO'
assembling Startup.s...
compiling FIFO.c...
compiling Output.c...
compiling Performance.c...
Performance.c(133): warning:  #223-D: function "printf" declared implicitly
compiling rit128x96x4.c...
compiling SysTick.c...
compiling FIFOTestMain.c...
FIFOTestMain.c(195): warning:  #223-D: function "printf" declared implicitly
linking...
.\FIFO.axf: Error: L6200E: Symbol __ARM_use_no_argv multiply defined (by fifotestmain.o and performance.o).
.\FIFO.axf: Error: L6200E: Symbol before multiply defined (by fifotestmain.o and performance.o).
.\FIFO.axf: Error: L6200E: Symbol elapsed multiply defined (by fifotestmain.o and performance.o).
.\FIFO.axf: Error: L6200E: Symbol main multiply defined (by fifotestmain.o and performance.o).
".\FIFO.axf" - 4 Errors, 2 Warning(s).
Target not created
Rebuild target 'FIFO'
assembling Startup.s...
compiling FIFO.c...
compiling Output.c...
compiling Performance.c...
Performance.c(133): warning:  #223-D: function "printf" declared implicitly
compiling rit128x96x4.c...
compiling SysTick.c...
linking...
Program Size: Code=7104 RO-data=772 RW-data=56 ZI-data=1928  
".\FIFO.axf" - 0 Errors, 1 Warning(s).
Rebuild target 'FIFO'
assembling Startup.s...
compiling FIFO.c...
compiling Output.c...
compiling Performance.c...
Performance.c(133): warning:  #223-D: function "printf" declared implicitly
compiling rit128x96x4.c...
compiling SysTick.c...
linking...
Program Size: Code=7104 RO-data=772 RW-data=56 ZI-data=1928  
".\FIFO.axf" - 0 Errors, 1 Warning(s).
Rebuild target 'FIFO'
assembling Startup.s...
compiling FIFO.c...
compiling Output.c...
compiling Performance.c...
Performance.c(133): warning:  #223-D: function "printf" declared implicitly
compiling rit128x96x4.c...
compiling SysTick.c...
compiling FIFOTestMain.c...
FIFOTestMain.c(198): warning:  #223-D: function "printf" declared implicitly
compiling BadFifo.c...
BadFifo.c(65): warning:  #1-D: last line of file ends without a newline
linking...
.\FIFO.axf: Error: L6200E: Symbol __ARM_use_no_argv multiply defined (by fifotestmain.o and performance.o).
.\FIFO.axf: Error: L6200E: Symbol before multiply defined (by fifotestmain.o and performance.o).
.\FIFO.axf: Error: L6200E: Symbol elapsed multiply defined (by fifotestmain.o and performance.o).
.\FIFO.axf: Error: L6200E: Symbol main multiply defined (by fifotestmain.o and performance.o).
".\FIFO.axf" - 4 Errors, 3 Warning(s).
Target not created
Rebuild target 'FIFO'
assembling Startup.s...
compiling FIFO.c...
compiling Output.c...
compiling rit128x96x4.c...
compiling SysTick.c...
compiling FIFOTestMain.c...
FIFOTestMain.c(198): warning:  #223-D: function "printf" declared implicitly
compiling BadFifo.c...
BadFifo.c(65): warning:  #1-D: last line of file ends without a newline
linking...
Program Size: Code=8928 RO-data=772 RW-data=96 ZI-data=2240  
".\FIFO.axf" - 0 Errors, 2 Warning(s).
