<html>
<body>
<pre>
<h1>µVision Build Log</h1>
<h2>Project:</h2>
C:\Users\Nikhil\Dropbox\Current Documents\College stuff\2013 Fall\EE445L\EE445Labs\Lab2 - Compiled\FIFO_1968.uvproj
Project File Date:  09/16/2013

<h2>Output:</h2>
Rebuild target 'FIFO'
assembling Startup.s...
compiling FIFO.c...
compiling Output.c...
compiling rit128x96x4.c...
compiling SysTick.c...
compiling BadFifo.c...
BadFifo.c(65): warning:  #1-D: last line of file ends without a newline
compiling FIFOTestMain.c...
linking...
Program Size: Code=3080 RO-data=32 RW-data=56 ZI-data=1488  
".\FIFO.axf" - 0 Errors, 1 Warning(s).
Load "C:\\Users\\Nikhil\\Dropbox\\Current Documents\\College stuff\\2013 Fall\\EE445L\\EE445Labs\\Lab2 - Compiled\\FIFO.axf" 
Connecting: Mode=JTAG, Speed=1000000Hz
Erase Done.
Programming Done.
Verify OK.
Rebuild target 'FIFO'
assembling Startup.s...
compiling FIFO.c...
compiling Output.c...
compiling rit128x96x4.c...
compiling SysTick.c...
compiling BadFifo.c...
BadFifo.c(65): warning:  #1-D: last line of file ends without a newline
linking...
.\FIFO.axf: Error: L6218E: Undefined symbol main (referred from rtentry2.o).
".\FIFO.axf" - 1 Errors, 1 Warning(s).
Target not created
Rebuild target 'FIFO'
assembling Startup.s...
compiling FIFO.c...
compiling Output.c...
compiling rit128x96x4.c...
compiling SysTick.c...
compiling BadFifo.c...
BadFifo.c(65): warning:  #1-D: last line of file ends without a newline
compiling FifoTestMainReal.c...
linking...
Program Size: Code=3048 RO-data=32 RW-data=56 ZI-data=1488  
".\FIFO.axf" - 0 Errors, 1 Warning(s).
Load "C:\\Users\\Nikhil\\Dropbox\\Current Documents\\College stuff\\2013 Fall\\EE445L\\EE445Labs\\Lab2 - Compiled\\FIFO.axf" 
Connecting: Mode=JTAG, Speed=1000000Hz
Erase Done.
Programming Done.
Verify OK.
Rebuild target 'FIFO'
assembling Startup.s...
compiling FIFO.c...
FIFO.c(59): error:  #247: function "TxFifo_Put" has already been defined
compiling Output.c...
compiling rit128x96x4.c...
compiling SysTick.c...
compiling BadFifo.c...
BadFifo.c(65): warning:  #1-D: last line of file ends without a newline
compiling FifoTestMainReal.c...
".\FIFO.axf" - 1 Errors, 1 Warning(s).
Target not created
Rebuild target 'FIFO'
assembling Startup.s...
compiling FIFO.c...
compiling Output.c...
compiling rit128x96x4.c...
compiling SysTick.c...
compiling BadFifo.c...
BadFifo.c(65): warning:  #1-D: last line of file ends without a newline
compiling FifoTestMainReal.c...
linking...
Program Size: Code=3116 RO-data=32 RW-data=56 ZI-data=1488  
".\FIFO.axf" - 0 Errors, 1 Warning(s).
Load "C:\\Users\\Nikhil\\Dropbox\\Current Documents\\College stuff\\2013 Fall\\EE445L\\EE445Labs\\Lab2 - Compiled\\FIFO.axf" 
Connecting: Mode=JTAG, Speed=1000000Hz
Erase Done.
Programming Done.
Verify OK.
Load "C:\\Users\\Nikhil\\Dropbox\\Current Documents\\College stuff\\2013 Fall\\EE445L\\EE445Labs\\Lab2 - Compiled\\FIFO.axf" 
Connecting: Mode=JTAG, Speed=1000000Hz
Erase Done.
Programming Done.
Verify OK.
Rebuild target 'FIFO'
assembling Startup.s...
compiling FIFO.c...
compiling Output.c...
compiling rit128x96x4.c...
compiling SysTick.c...
compiling BadFifo.c...
BadFifo.c(65): warning:  #1-D: last line of file ends without a newline
compiling FifoTestMainReal.c...
linking...
Program Size: Code=3116 RO-data=32 RW-data=56 ZI-data=1488  
".\FIFO.axf" - 0 Errors, 1 Warning(s).
Load "C:\\Users\\Nikhil\\Dropbox\\Current Documents\\College stuff\\2013 Fall\\EE445L\\EE445Labs\\Lab2 - Compiled\\FIFO.axf" 
Connecting: Mode=JTAG, Speed=1000000Hz
Erase Done.
Programming Done.
Verify OK.
Rebuild target 'FIFO'
assembling Startup.s...
compiling FIFO.c...
compiling Output.c...
compiling rit128x96x4.c...
compiling SysTick.c...
compiling BadFifo.c...
BadFifo.c(65): warning:  #1-D: last line of file ends without a newline
compiling BadFifoTestMain.c...
linking...
Program Size: Code=3364 RO-data=32 RW-data=72 ZI-data=1776  
".\FIFO.axf" - 0 Errors, 1 Warning(s).
Load "C:\\Users\\Nikhil\\Dropbox\\Current Documents\\College stuff\\2013 Fall\\EE445L\\EE445Labs\\Lab2 - Compiled\\FIFO.axf" 
Connecting: Mode=JTAG, Speed=1000000Hz
Erase Done.
Programming Done.
Verify OK.
Rebuild target 'FIFO'
assembling Startup.s...
compiling FIFO.c...
compiling Output.c...
compiling rit128x96x4.c...
compiling SysTick.c...
compiling BadFifo.c...
BadFifo.c(69): warning:  #1-D: last line of file ends without a newline
compiling BadFifoTestMain.c...
linking...
Program Size: Code=3376 RO-data=32 RW-data=72 ZI-data=1776  
".\FIFO.axf" - 0 Errors, 1 Warning(s).
Load "C:\\Users\\Nikhil\\Dropbox\\Current Documents\\College stuff\\2013 Fall\\EE445L\\EE445Labs\\Lab2 - Compiled\\FIFO.axf" 
Connecting: Mode=JTAG, Speed=1000000Hz
Erase Done.
Programming Done.
Verify OK.
Rebuild target 'FIFO'
assembling Startup.s...
compiling FIFO.c...
compiling Output.c...
compiling rit128x96x4.c...
compiling SysTick.c...
compiling BadFifo.c...
BadFifo.c(69): warning:  #1-D: last line of file ends without a newline
compiling BadFifoTestMain.c...
linking...
Program Size: Code=3376 RO-data=32 RW-data=72 ZI-data=1776  
".\FIFO.axf" - 0 Errors, 1 Warning(s).
Load "C:\\Users\\Nikhil\\Dropbox\\Current Documents\\College stuff\\2013 Fall\\EE445L\\EE445Labs\\Lab2 - Compiled\\FIFO.axf" 
Connecting: Mode=JTAG, Speed=1000000Hz
Erase Done.
Programming Done.
Verify OK.
Rebuild target 'FIFO'
assembling Startup.s...
compiling FIFO.c...
compiling Output.c...
compiling rit128x96x4.c...
compiling SysTick.c...
compiling BadFifo.c...
BadFifo.c(71): warning:  #1-D: last line of file ends without a newline
compiling BadFifoTestMain.c...
linking...
Program Size: Code=3380 RO-data=32 RW-data=72 ZI-data=1776  
".\FIFO.axf" - 0 Errors, 1 Warning(s).
Load "C:\\Users\\Nikhil\\Dropbox\\Current Documents\\College stuff\\2013 Fall\\EE445L\\EE445Labs\\Lab2 - Compiled\\FIFO.axf" 
Connecting: Mode=JTAG, Speed=1000000Hz
Erase Done.
Programming Done.
Verify OK.
Build target 'FIFO'
compiling BadFifo.c...
BadFifo.c(30): error:  #147-D: declaration is incompatible with "int BadFifo_Put(txDataType)" (declared at line 45 of "Fifo.h")
BadFifo.c(50): error:  #147-D: declaration is incompatible with "int BadFifo_Get(txDataType *)" (declared at line 48 of "Fifo.h")
BadFifo.c(60): error:  #20: identifier "sr" is undefined
BadFifo.c(63): error:  #65: expected a ";"
BadFifo.c(64): warning:  #940-D: missing return statement at end of non-void function "BadFifo_Get"
BadFifo.c(71): error:  #147: declaration is incompatible with "unsigned short BadFifo_Size(void)" (declared at line 51 of "Fifo.h")
BadFifo.c(73): warning:  #1-D: last line of file ends without a newline
compiling BadFifoTestMain.c...
".\FIFO.axf" - 5 Errors, 2 Warning(s).
Target not created
Rebuild target 'FIFO'
assembling Startup.s...
compiling FIFO.c...
compiling Output.c...
compiling rit128x96x4.c...
compiling SysTick.c...
compiling BadFifo.c...
BadFifo.c(75): warning:  #1-D: last line of file ends without a newline
compiling BadFifoTestMain.c...
linking...
Program Size: Code=3380 RO-data=32 RW-data=72 ZI-data=1776  
".\FIFO.axf" - 0 Errors, 1 Warning(s).
Load "C:\\Users\\Nikhil\\Dropbox\\Current Documents\\College stuff\\2013 Fall\\EE445L\\EE445Labs\\Lab2 - Compiled\\FIFO.axf" 
Connecting: Mode=JTAG, Speed=1000000Hz
Erase Done.
Programming Done.
Verify OK.
Load "C:\\Users\\Nikhil\\Dropbox\\Current Documents\\College stuff\\2013 Fall\\EE445L\\EE445Labs\\Lab2 - Compiled\\FIFO.axf" 
Connecting: Mode=JTAG, Speed=1000000Hz
Erase Done.
Programming Done.
Verify OK.
