ARM Linker, 5.03 [Build 76] [MDK-ARM Lite]

==============================================================================

Section Cross References

    startup.o(STACK) refers (Special) to heapauxi.o(.text) for __use_two_region_memory
    startup.o(HEAP) refers (Special) to heapauxi.o(.text) for __use_two_region_memory
    startup.o(RESET) refers (Special) to heapauxi.o(.text) for __use_two_region_memory
    startup.o(RESET) refers to startup.o(STACK) for StackMem
    startup.o(RESET) refers to __main.o(!!!main) for __main
    startup.o(.text) refers (Special) to heapauxi.o(.text) for __use_two_region_memory
    startup.o(.text) refers to startup.o(HEAP) for HeapMem
    startup.o(.text) refers to startup.o(STACK) for StackMem
    fifo.o(.text) refers to startup.o(.text) for StartCritical
    fifo.o(.text) refers to fifo.o(.data) for TxGetI
    fifo.o(.text) refers to fifo.o(.bss) for TxFifo
    output.o(.text) refers to rit128x96x4.o(.text) for RIT128x96x4StringDraw
    output.o(.text) refers to output.o(.bss) for CharBuffer
    output.o(.text) refers to output.o(.data) for Color
    performance.o(.text) refers to _printf_percent.o(.ARM.Collect$$_printf_percent$$00000000) for _printf_percent
    performance.o(.text) refers to _printf_u.o(.ARM.Collect$$_printf_percent$$0000000A) for _printf_u
    performance.o(.text) refers to _printf_dec.o(.text) for _printf_int_dec
    performance.o(.text) refers to sysctl.o(i.SysCtlClockSet) for SysCtlClockSet
    performance.o(.text) refers to systick.o(.text) for SysTick_Init
    performance.o(.text) refers to fifo.o(.text) for RxFifo_Init
    performance.o(.text) refers to output.o(.text) for Output_Init
    performance.o(.text) refers to noretval__2printf.o(.text) for __2printf
    performance.o(.text) refers to performance.o(.data) for before
    rit128x96x4.o(.text) refers to ssi.o(i.SSIBusy) for SSIBusy
    rit128x96x4.o(.text) refers to gpio.o(i.GPIOPinWrite) for GPIOPinWrite
    rit128x96x4.o(.text) refers to ssi.o(i.SSIDataPut) for SSIDataPut
    rit128x96x4.o(.text) refers to ssi.o(i.SSIDisable) for SSIDisable
    rit128x96x4.o(.text) refers to sysctl.o(i.SysCtlClockGet) for SysCtlClockGet
    rit128x96x4.o(.text) refers to ssi.o(i.SSIConfigSetExpClk) for SSIConfigSetExpClk
    rit128x96x4.o(.text) refers to gpio.o(i.GPIOPinTypeSSI) for GPIOPinTypeSSI
    rit128x96x4.o(.text) refers to gpio.o(i.GPIOPadConfigSet) for GPIOPadConfigSet
    rit128x96x4.o(.text) refers to ssi.o(i.SSIEnable) for SSIEnable
    rit128x96x4.o(.text) refers to ssi.o(i.SSIDataGetNonBlocking) for SSIDataGetNonBlocking
    rit128x96x4.o(.text) refers to gpio.o(i.GPIOPinTypeGPIOOutput) for GPIOPinTypeGPIOOutput
    rit128x96x4.o(.text) refers to sysctl.o(i.SysCtlPeripheralEnable) for SysCtlPeripheralEnable
    rit128x96x4.o(.text) refers to rit128x96x4.o(.data) for g_ulSSIFlags
    rit128x96x4.o(.text) refers to rit128x96x4.o(.constdata) for pucCommand1
    gpio.o(i.GPIOPinConfigure) refers to gpio.o(.constdata) for .constdata
    gpio.o(i.GPIOPinTypeADC) refers to gpio.o(i.GPIODirModeSet) for GPIODirModeSet
    gpio.o(i.GPIOPinTypeADC) refers to gpio.o(i.GPIOPadConfigSet) for GPIOPadConfigSet
    gpio.o(i.GPIOPinTypeCAN) refers to gpio.o(i.GPIODirModeSet) for GPIODirModeSet
    gpio.o(i.GPIOPinTypeCAN) refers to gpio.o(i.GPIOPadConfigSet) for GPIOPadConfigSet
    gpio.o(i.GPIOPinTypeComparator) refers to gpio.o(i.GPIODirModeSet) for GPIODirModeSet
    gpio.o(i.GPIOPinTypeComparator) refers to gpio.o(i.GPIOPadConfigSet) for GPIOPadConfigSet
    gpio.o(i.GPIOPinTypeEPI) refers to gpio.o(i.GPIODirModeSet) for GPIODirModeSet
    gpio.o(i.GPIOPinTypeEPI) refers to gpio.o(i.GPIOPadConfigSet) for GPIOPadConfigSet
    gpio.o(i.GPIOPinTypeEthernetLED) refers to gpio.o(i.GPIODirModeSet) for GPIODirModeSet
    gpio.o(i.GPIOPinTypeEthernetLED) refers to gpio.o(i.GPIOPadConfigSet) for GPIOPadConfigSet
    gpio.o(i.GPIOPinTypeGPIOInput) refers to gpio.o(i.GPIODirModeSet) for GPIODirModeSet
    gpio.o(i.GPIOPinTypeGPIOInput) refers to gpio.o(i.GPIOPadConfigSet) for GPIOPadConfigSet
    gpio.o(i.GPIOPinTypeGPIOOutput) refers to gpio.o(i.GPIODirModeSet) for GPIODirModeSet
    gpio.o(i.GPIOPinTypeGPIOOutput) refers to gpio.o(i.GPIOPadConfigSet) for GPIOPadConfigSet
    gpio.o(i.GPIOPinTypeGPIOOutputOD) refers to gpio.o(i.GPIODirModeSet) for GPIODirModeSet
    gpio.o(i.GPIOPinTypeGPIOOutputOD) refers to gpio.o(i.GPIOPadConfigSet) for GPIOPadConfigSet
    gpio.o(i.GPIOPinTypeI2C) refers to gpio.o(i.GPIODirModeSet) for GPIODirModeSet
    gpio.o(i.GPIOPinTypeI2C) refers to gpio.o(i.GPIOPadConfigSet) for GPIOPadConfigSet
    gpio.o(i.GPIOPinTypeI2S) refers to gpio.o(i.GPIODirModeSet) for GPIODirModeSet
    gpio.o(i.GPIOPinTypeI2S) refers to gpio.o(i.GPIOPadConfigSet) for GPIOPadConfigSet
    gpio.o(i.GPIOPinTypePWM) refers to gpio.o(i.GPIODirModeSet) for GPIODirModeSet
    gpio.o(i.GPIOPinTypePWM) refers to gpio.o(i.GPIOPadConfigSet) for GPIOPadConfigSet
[...]
    libinit.o(.ARM.Collect$$libinit$$00000000) refers (Special) to libinit2.o(.ARM.Collect$$libinit$$00000008) for __rt_lib_init_heap_1
    libinit.o(.ARM.Collect$$libinit$$00000000) refers (Special) to libinit2.o(.ARM.Collect$$libinit$$0000000F) for __rt_lib_init_lc_collate_1
    libinit.o(.ARM.Collect$$libinit$$00000000) refers (Special) to libinit2.o(.ARM.Collect$$libinit$$00000011) for __rt_lib_init_lc_ctype_1
    libinit.o(.ARM.Collect$$libinit$$00000000) refers (Special) to libinit2.o(.ARM.Collect$$libinit$$00000013) for __rt_lib_init_lc_monetary_1
    libinit.o(.ARM.Collect$$libinit$$00000000) refers (Special) to libinit2.o(.ARM.Collect$$libinit$$00000015) for __rt_lib_init_lc_numeric_1
    libinit.o(.ARM.Collect$$libinit$$00000000) refers (Special) to libinit2.o(.ARM.Collect$$libinit$$00000017) for __rt_lib_init_lc_time_1
    libinit.o(.ARM.Collect$$libinit$$00000000) refers (Special) to libinit2.o(.ARM.Collect$$libinit$$0000000C) for __rt_lib_init_rand_1
    libinit.o(.ARM.Collect$$libinit$$00000000) refers (Special) to libinit2.o(.ARM.Collect$$libinit$$00000031) for __rt_lib_init_return
    libinit.o(.ARM.Collect$$libinit$$00000000) refers (Special) to libinit2.o(.ARM.Collect$$libinit$$0000001B) for __rt_lib_init_signal_1
    libinit.o(.ARM.Collect$$libinit$$00000000) refers (Special) to libinit2.o(.ARM.Collect$$libinit$$00000023) for __rt_lib_init_stdio_1
    libinit.o(.ARM.Collect$$libinit$$00000000) refers (Special) to libinit2.o(.ARM.Collect$$libinit$$0000000A) for __rt_lib_init_user_alloc_1
    libinit2.o(.ARM.Collect$$libinit$$00000003) refers (Weak) to init_alloc.o(.text) for _init_alloc
    libinit2.o(.ARM.Collect$$libinit$$0000000E) refers to libinit2.o(.ARM.Collect$$libinit$$0000000D) for .ARM.Collect$$libinit$$0000000D
    libinit2.o(.ARM.Collect$$libinit$$00000010) refers to libinit2.o(.ARM.Collect$$libinit$$0000000D) for .ARM.Collect$$libinit$$0000000D
    libinit2.o(.ARM.Collect$$libinit$$00000012) refers to libinit2.o(.ARM.Collect$$libinit$$0000000D) for .ARM.Collect$$libinit$$0000000D
    libinit2.o(.ARM.Collect$$libinit$$00000014) refers to libinit2.o(.ARM.Collect$$libinit$$0000000D) for .ARM.Collect$$libinit$$0000000D
    libinit2.o(.ARM.Collect$$libinit$$00000016) refers to libinit2.o(.ARM.Collect$$libinit$$0000000D) for .ARM.Collect$$libinit$$0000000D
    libinit2.o(.ARM.Collect$$libinit$$00000022) refers (Weak) to initio.o(.text) for _initio
    libinit2.o(.ARM.Collect$$libinit$$00000024) refers to argv_veneer.o(.emb_text) for __ARM_argv_veneer
    libinit2.o(.ARM.Collect$$libinit$$00000025) refers to argv_veneer.o(.emb_text) for __ARM_argv_veneer
    libshutdown2.o(.ARM.Collect$$libshutdown$$00000002) refers (Weak) to initio.o(.text) for _terminateio
    libshutdown2.o(.ARM.Collect$$libshutdown$$0000000C) refers (Weak) to term_alloc.o(.text) for _terminate_alloc
    libspace.o(.text) refers to libspace.o(.bss) for __libspace_start
    rtexit.o(.ARM.Collect$$rtexit$$00000000) refers (Special) to rtexit2.o(.ARM.Collect$$rtexit$$00000004) for __rt_exit_exit
    rtexit.o(.ARM.Collect$$rtexit$$00000000) refers (Special) to rtexit2.o(.ARM.Collect$$rtexit$$00000003) for __rt_exit_ls
    rtexit.o(.ARM.Collect$$rtexit$$00000000) refers (Special) to rtexit2.o(.ARM.Collect$$rtexit$$00000002) for __rt_exit_prels_1
    rtexit.o(.ARM.exidx) refers (Special) to rtexit2.o(.ARM.Collect$$rtexit$$00000004) for __rt_exit_exit
    rtexit.o(.ARM.exidx) refers (Special) to rtexit2.o(.ARM.Collect$$rtexit$$00000003) for __rt_exit_ls
    rtexit.o(.ARM.exidx) refers (Special) to rtexit2.o(.ARM.Collect$$rtexit$$00000002) for __rt_exit_prels_1
    rtexit.o(.ARM.exidx) refers to rtexit.o(.ARM.Collect$$rtexit$$00000000) for .ARM.Collect$$rtexit$$00000000
    rt_raise.o(.text) refers to __raise.o(.text) for __raise
    rt_raise.o(.text) refers to sys_exit.o(.text) for _sys_exit
    rt_heap_descriptor.o(.text) refers to rt_heap_descriptor.o(.bss) for __rt_heap_descriptor_data
    rt_heap_descriptor_intlibspace.o(.text) refers to libspace.o(.bss) for __libspace_start
    init_alloc.o(.text) refers (Special) to hguard.o(.text) for __heap$guard
    init_alloc.o(.text) refers (Special) to libinit2.o(.ARM.Collect$$libinit$$00000003) for __rt_lib_init_heap_2
    init_alloc.o(.text) refers (Special) to maybetermalloc1.o(.emb_text) for _maybe_terminate_alloc
    init_alloc.o(.text) refers to h1_extend.o(.text) for __Heap_ProvideMemory
    init_alloc.o(.text) refers to defsig_rtmem_outer.o(.text) for __rt_SIGRTMEM
    init_alloc.o(.text) refers to rt_heap_descriptor_intlibspace.o(.text) for __rt_heap_descriptor
    init_alloc.o(.text) refers to h1_init.o(.text) for __Heap_Initialize
    malloc.o(.text) refers (Special) to hguard.o(.text) for __heap$guard
    malloc.o(.text) refers (Special) to init_alloc.o(.text) for _init_alloc
    malloc.o(.text) refers to rt_heap_descriptor_intlibspace.o(.text) for __rt_heap_descriptor
    malloc.o(.text) refers to heapstubs.o(.text) for __Heap_Alloc
    h1_alloc.o(.text) refers (Special) to h1_init.o(.text) for __Heap_Initialize
    h1_alloc.o(.text) refers to rt_heap_descriptor_intlibspace.o(.text) for __rt_heap_descriptor
    h1_alloc.o(.text) refers to init_alloc.o(.text) for __Heap_Full
    h1_alloc_mt.o(.text) refers (Special) to h1_init.o(.text) for __Heap_Initialize
    h1_alloc_mt.o(.text) refers to init_alloc.o(.text) for __Heap_Full
    h1_alloc_mt.o(.text) refers to rt_heap_descriptor_intlibspace.o(.text) for __rt_heap_descriptor
    fseek.o(.text) refers to sys_io.o(.text) for _sys_istty
    fseek.o(.text) refers to ftell.o(.text) for _ftell_internal
    fseek.o(.text) refers to stdio.o(.text) for _seterr
    stdio.o(.text) refers to sys_io.o(.text) for _sys_seek
    defsig_exit.o(.text) refers to sys_exit.o(.text) for _sys_exit
    defsig_rtred_inner.o(.text) refers to defsig_general.o(.text) for __default_signal_display
    argv_veneer.o(.emb_text) refers to no_argv.o(.text) for __ARM_get_argv
    sys_exit.o(.text) refers (Special) to use_no_semi.o(.text) for __I$use$semihosting
    sys_exit.o(.text) refers (Special) to indicate_semi.o(.text) for __semihosting_library_function
    rtexit2.o(.ARM.Collect$$rtexit$$00000003) refers to libshutdown.o(.ARM.Collect$$libshutdown$$00000000) for __rt_lib_shutdown
    rtexit2.o(.ARM.Collect$$rtexit$$00000004) refers to sys_exit.o(.text) for _sys_exit
    rtexit2.o(.ARM.exidx) refers to rtexit2.o(.ARM.Collect$$rtexit$$00000001) for .ARM.Collect$$rtexit$$00000001
    rtexit2.o(.ARM.exidx) refers to rtexit2.o(.ARM.Collect$$rtexit$$00000003) for .ARM.Collect$$rtexit$$00000003
    rtexit2.o(.ARM.exidx) refers to rtexit2.o(.ARM.Collect$$rtexit$$00000004) for .ARM.Collect$$rtexit$$00000004
    maybetermalloc2.o(.emb_text) refers (Special) to term_alloc.o(.text) for _terminate_alloc
    h1_extend.o(.text) refers to h1_free.o(.text) for free
    h1_init_mt.o(.text) refers to mutex_dummy.o(.text) for _mutex_initialize
    h1_extend_mt.o(.text) refers to h1_free_mt.o(.text) for _free_internal
    ftell.o(.text) refers to rt_errno_addr_intlibspace.o(.text) for __aeabi_errno_addr
    __raise.o(.text) refers to defsig.o(CL$$defsig) for __default_signal_handler
    defsig_general.o(.text) refers to sys_wrch.o(.text) for _ttywrch
    defsig_rtmem_outer.o(.text) refers to defsig_rtmem_inner.o(.text) for __rt_SIGRTMEM_inner
    defsig_rtmem_outer.o(.text) refers to defsig_exit.o(.text) for __sig_exit
    defsig_rtmem_formal.o(.text) refers to rt_raise.o(.text) for __rt_raise
    heapauxa.o(.text) refers to heapauxa.o(.data) for .data
    _get_argv.o(.text) refers (Special) to hrguard.o(.text) for __heap_region$guard
    _get_argv.o(.text) refers to h1_alloc.o(.text) for malloc
    _get_argv.o(.text) refers to defsig_rtmem_outer.o(.text) for __rt_SIGRTMEM
    _get_argv.o(.text) refers to sys_command.o(.text) for _sys_command_string
    _get_argv_nomalloc.o(.text) refers (Special) to hrguard.o(.text) for __heap_region$guard
    _get_argv_nomalloc.o(.text) refers to defsig_rtmem_outer.o(.text) for __rt_SIGRTMEM
    _get_argv_nomalloc.o(.text) refers to sys_command.o(.text) for _sys_command_string
    sys_wrch.o(.text) refers (Special) to use_no_semi.o(.text) for __I$use$semihosting
    sys_wrch.o(.text) refers (Special) to indicate_semi.o(.text) for __semihosting_library_function
    sys_command.o(.text) refers (Special) to use_no_semi.o(.text) for __I$use$semihosting
    sys_command.o(.text) refers (Special) to indicate_semi.o(.text) for __semihosting_library_function
    rt_errno_addr.o(.text) refers to rt_errno_addr.o(.bss) for __aeabi_errno_addr_data
    rt_errno_addr_intlibspace.o(.text) refers to libspace.o(.bss) for __libspace_start
    term_alloc.o(.text) refers (Special) to libshutdown2.o(.ARM.Collect$$libshutdown$$0000000D) for __rt_lib_shutdown_heap_2
    term_alloc.o(.text) refers to rt_heap_descriptor_intlibspace.o(.text) for __rt_heap_descriptor
    term_alloc.o(.text) refers to h1_final.o(.text) for __Heap_Finalize
    defsig_rtmem_inner.o(.text) refers to defsig_general.o(.text) for __default_signal_display
    defsig.o(CL$$defsig) refers to defsig_rtred_inner.o(.text) for __rt_SIGRTRED_inner
    defsig.o(CL$$defsig) refers to defsig_rtmem_inner.o(.text) for __rt_SIGRTMEM_inner
    libshutdown.o(.ARM.Collect$$libshutdown$$00000000) refers (Special) to libshutdown2.o(.ARM.Collect$$libshutdown$$00000006) for __rt_lib_shutdown_fp_trap_1
    libshutdown.o(.ARM.Collect$$libshutdown$$00000000) refers (Special) to libshutdown2.o(.ARM.Collect$$libshutdown$$0000000E) for __rt_lib_shutdown_heap_1
    libshutdown.o(.ARM.Collect$$libshutdown$$00000000) refers (Special) to libshutdown2.o(.ARM.Collect$$libshutdown$$0000000F) for __rt_lib_shutdown_return
    libshutdown.o(.ARM.Collect$$libshutdown$$00000000) refers (Special) to libshutdown2.o(.ARM.Collect$$libshutdown$$00000009) for __rt_lib_shutdown_signal_1
    libshutdown.o(.ARM.Collect$$libshutdown$$00000000) refers (Special) to libshutdown2.o(.ARM.Collect$$libshutdown$$00000003) for __rt_lib_shutdown_stdio_1
    libshutdown.o(.ARM.Collect$$libshutdown$$00000000) refers (Special) to libshutdown2.o(.ARM.Collect$$libshutdown$$0000000B) for __rt_lib_shutdown_user_alloc_1
    defsig_abrt_inner.o(.text) refers to defsig_general.o(.text) for __default_signal_display
    defsig_fpe_inner.o(.text) refers to defsig_general.o(.text) for __default_signal_display
    defsig_stak_inner.o(.text) refers to defsig_general.o(.text) for __default_signal_display
    defsig_pvfn_inner.o(.text) refers to defsig_general.o(.text) for __default_signal_display
    defsig_cppl_inner.o(.text) refers to defsig_general.o(.text) for __default_signal_display
    defsig_segv_inner.o(.text) refers to defsig_general.o(.text) for __default_signal_display
    defsig_other.o(.text) refers to defsig_general.o(.text) for __default_signal_display


==============================================================================

Removing Unused input sections from the image.

    Removing gpio.o(i.GPIODirModeGet), (34 bytes).
    Removing gpio.o(i.GPIOGetIntNumber), (156 bytes).
    Removing gpio.o(i.GPIOIntTypeGet), (48 bytes).
    Removing gpio.o(i.GPIOIntTypeSet), (58 bytes).
    Removing gpio.o(i.GPIOPadConfigGet), (140 bytes).
    Removing gpio.o(i.GPIOPinConfigure), (72 bytes).
    Removing gpio.o(i.GPIOPinIntClear), (6 bytes).
    Removing gpio.o(i.GPIOPinIntDisable), (14 bytes).
    Removing gpio.o(i.GPIOPinIntEnable), (12 bytes).
    Removing gpio.o(i.GPIOPinIntStatus), (14 bytes).
    Removing gpio.o(i.GPIOPinRead), (6 bytes).
    Removing gpio.o(i.GPIOPinTypeADC), (28 bytes).
    Removing gpio.o(i.GPIOPinTypeCAN), (28 bytes).
    Removing gpio.o(i.GPIOPinTypeComparator), (28 bytes).
    Removing gpio.o(i.GPIOPinTypeEPI), (28 bytes).
    Removing gpio.o(i.GPIOPinTypeEthernetLED), (28 bytes).
    Removing gpio.o(i.GPIOPinTypeGPIOInput), (28 bytes).
    Removing gpio.o(i.GPIOPinTypeGPIOOutputOD), (28 bytes).
    Removing gpio.o(i.GPIOPinTypeI2C), (28 bytes).
    Removing gpio.o(i.GPIOPinTypeI2S), (28 bytes).
    Removing gpio.o(i.GPIOPinTypePWM), (28 bytes).
    Removing gpio.o(i.GPIOPinTypeQEI), (28 bytes).
    Removing gpio.o(i.GPIOPinTypeTimer), (28 bytes).
    Removing gpio.o(i.GPIOPinTypeUART), (28 bytes).
    Removing gpio.o(i.GPIOPinTypeUSBAnalog), (28 bytes).
    Removing gpio.o(i.GPIOPinTypeUSBDigital), (28 bytes).
    Removing gpio.o(i.GPIOPortIntRegister), (26 bytes).
    Removing gpio.o(i.GPIOPortIntUnregister), (22 bytes).
    Removing gpio.o(.constdata), (72 bytes).
    Removing ssi.o(i.SSIDMADisable), (10 bytes).
    Removing ssi.o(i.SSIDMAEnable), (8 bytes).
    Removing ssi.o(i.SSIDataGet), (14 bytes).
    Removing ssi.o(i.SSIDataPutNonBlocking), (16 bytes).
    Removing ssi.o(i.SSIIntClear), (4 bytes).
    Removing ssi.o(i.SSIIntDisable), (10 bytes).
    Removing ssi.o(i.SSIIntEnable), (8 bytes).
    Removing ssi.o(i.SSIIntRegister), (32 bytes).
    Removing ssi.o(i.SSIIntStatus), (10 bytes).
    Removing ssi.o(i.SSIIntUnregister), (32 bytes).
    Removing sysctl.o(i.SysCtlADCSpeedGet), (16 bytes).
    Removing sysctl.o(i.SysCtlADCSpeedSet), (32 bytes).
    Removing sysctl.o(i.SysCtlBrownOutConfigSet), (16 bytes).
    Removing sysctl.o(i.SysCtlClkVerificationClear), (20 bytes).
    Removing sysctl.o(i.SysCtlDeepSleep), (32 bytes).
    Removing sysctl.o(i.SysCtlFlashSizeGet), (20 bytes).
    Removing sysctl.o(i.SysCtlGPIOAHBDisable), (20 bytes).
    Removing sysctl.o(i.SysCtlGPIOAHBEnable), (16 bytes).
    Removing sysctl.o(i.SysCtlI2SMClkSet), (216 bytes).
    Removing sysctl.o(i.SysCtlIOSCVerificationSet), (24 bytes).
    Removing sysctl.o(i.SysCtlIntClear), (12 bytes).
    Removing sysctl.o(i.SysCtlIntDisable), (16 bytes).
    Removing sysctl.o(i.SysCtlIntEnable), (16 bytes).
    Removing sysctl.o(i.SysCtlIntRegister), (20 bytes).
    Removing sysctl.o(i.SysCtlIntStatus), (16 bytes).
    Removing sysctl.o(i.SysCtlIntUnregister), (18 bytes).
    Removing sysctl.o(i.SysCtlLDOConfigSet), (12 bytes).
    Removing sysctl.o(i.SysCtlLDOGet), (12 bytes).
    Removing sysctl.o(i.SysCtlLDOSet), (12 bytes).
    Removing sysctl.o(i.SysCtlMOSCVerificationSet), (24 bytes).
    Removing sysctl.o(i.SysCtlPLLVerificationSet), (24 bytes).
    Removing sysctl.o(i.SysCtlPWMClockGet), (24 bytes).
    Removing sysctl.o(i.SysCtlPWMClockSet), (20 bytes).
    Removing sysctl.o(i.SysCtlPeripheralClockGating), (24 bytes).
    Removing sysctl.o(i.SysCtlPeripheralDeepSleepDisable), (32 bytes).
    Removing sysctl.o(i.SysCtlPeripheralDeepSleepEnable), (32 bytes).
    Removing sysctl.o(i.SysCtlPeripheralDisable), (32 bytes).
    Removing sysctl.o(i.SysCtlPeripheralPresent), (64 bytes).
    Removing sysctl.o(i.SysCtlPeripheralReset), (56 bytes).
    Removing sysctl.o(i.SysCtlPeripheralSleepDisable), (32 bytes).
    Removing sysctl.o(i.SysCtlPeripheralSleepEnable), (32 bytes).
    Removing sysctl.o(i.SysCtlPinPresent), (16 bytes).
    Removing sysctl.o(i.SysCtlReset), (16 bytes).
    Removing sysctl.o(i.SysCtlResetCauseClear), (16 bytes).
    Removing sysctl.o(i.SysCtlResetCauseGet), (12 bytes).
    Removing sysctl.o(i.SysCtlSRAMSizeGet), (20 bytes).
    Removing sysctl.o(i.SysCtlSleep), (4 bytes).
    Removing sysctl.o(i.SysCtlUSBPLLDisable), (16 bytes).
    Removing sysctl.o(i.SysCtlUSBPLLEnable), (16 bytes).
    Removing cpu.o(.emb_text), (26 bytes).
    Removing interrupt.o(i.IntDefaultHandler), (2 bytes).
    Removing interrupt.o(i.IntDisable), (104 bytes).
    Removing interrupt.o(i.IntEnable), (104 bytes).
    Removing interrupt.o(i.IntMasterDisable), (10 bytes).
    Removing interrupt.o(i.IntMasterEnable), (10 bytes).
    Removing interrupt.o(i.IntPendClear), (72 bytes).
    Removing interrupt.o(i.IntPendSet), (90 bytes).
    Removing interrupt.o(i.IntPriorityGet), (28 bytes).
    Removing interrupt.o(i.IntPriorityGroupingGet), (40 bytes).
    Removing interrupt.o(i.IntPriorityGroupingSet), (28 bytes).
    Removing interrupt.o(i.IntPrioritySet), (40 bytes).
    Removing interrupt.o(i.IntRegister), (56 bytes).
    Removing interrupt.o(i.IntUnregister), (20 bytes).
    Removing interrupt.o(.constdata), (104 bytes).
    Removing interrupt.o(vtable), (284 bytes).

94 unused section(s) (total 3320 bytes) removed from the image.

==============================================================================

Image Symbol Table

    Local Symbols

    Symbol Name                              Value     Ov Type        Size  Object(Section)

    RESET                                    0x00000000   Section      280  startup.o(RESET)
    ../clib/angel/boardlib.s                 0x00000000   Number         0  boardshut.o ABSOLUTE
    ../clib/angel/boardlib.s                 0x00000000   Number         0  boardinit1.o ABSOLUTE
    ../clib/angel/boardlib.s                 0x00000000   Number         0  boardinit2.o ABSOLUTE
    ../clib/angel/boardlib.s                 0x00000000   Number         0  boardinit3.o ABSOLUTE
    ../clib/angel/handlers.s                 0x00000000   Number         0  __scatter_zi.o ABSOLUTE
    ../clib/angel/handlers.s                 0x00000000   Number         0  __scatter_copy.o ABSOLUTE
    ../clib/angel/kernel.s                   0x00000000   Number         0  rtexit2.o ABSOLUTE
    ../clib/angel/kernel.s                   0x00000000   Number         0  rtentry.o ABSOLUTE
    ../clib/angel/kernel.s                   0x00000000   Number         0  rtentry4.o ABSOLUTE
    ../clib/angel/kernel.s                   0x00000000   Number         0  rtentry2.o ABSOLUTE
    ../clib/angel/kernel.s                   0x00000000   Number         0  rtexit.o ABSOLUTE
    ../clib/angel/rt.s                       0x00000000   Number         0  rt_heap_descriptor_intlibspace.o ABSOLUTE
    ../clib/angel/rt.s                       0x00000000   Number         0  rt_errno_addr.o ABSOLUTE
    ../clib/angel/rt.s                       0x00000000   Number         0  rt_errno_addr_intlibspace.o ABSOLUTE
    ../clib/angel/rt.s                       0x00000000   Number         0  rt_raise.o ABSOLUTE
    ../clib/angel/rt.s                       0x00000000   Number         0  rt_heap_descriptor.o ABSOLUTE
    ../clib/angel/scatter.s                  0x00000000   Number         0  __scatter.o ABSOLUTE
    ../clib/angel/startup.s                  0x00000000   Number         0  __main.o ABSOLUTE
    ../clib/angel/sys.s                      0x00000000   Number         0  mutex_dummy.o ABSOLUTE
    ../clib/angel/sys.s                      0x00000000   Number         0  sys_stackheap_outer.o ABSOLUTE
    ../clib/angel/sys.s                      0x00000000   Number         0  libspace.o ABSOLUTE
    ../clib/angel/sys.s                      0x00000000   Number         0  use_no_semi.o ABSOLUTE
    ../clib/angel/sys.s                      0x00000000   Number         0  indicate_semi.o ABSOLUTE
    ../clib/angel/sysapp.c                   0x00000000   Number         0  sys_wrch.o ABSOLUTE
    ../clib/angel/sysapp.c                   0x00000000   Number         0  sys_command.o ABSOLUTE
    ../clib/angel/sysapp.c                   0x00000000   Number         0  sys_exit.o ABSOLUTE
    ../clib/angel/sysapp.c                   0x00000000   Number         0  sys_io.o ABSOLUTE
    ../clib/armsys.c                         0x00000000   Number         0  no_argv.o ABSOLUTE
    ../clib/armsys.c                         0x00000000   Number         0  _get_argv_nomalloc.o ABSOLUTE
    ../clib/armsys.c                         0x00000000   Number         0  _get_argv.o ABSOLUTE
    ../clib/armsys.c                         0x00000000   Number         0  argv_veneer.o ABSOLUTE
    ../clib/armsys.c                         0x00000000   Number         0  argv_veneer.o ABSOLUTE
    ../clib/heap1.c                          0x00000000   Number         0  h1_free.o ABSOLUTE
    ../clib/heap1.c                          0x00000000   Number         0  h1_free_mt.o ABSOLUTE
    ../clib/heap1.c                          0x00000000   Number         0  h1_final.o ABSOLUTE
    ../clib/heap1.c                          0x00000000   Number         0  h1_final_mt.o ABSOLUTE
    ../clib/heap1.c                          0x00000000   Number         0  h1_alloc.o ABSOLUTE
    ../clib/heap1.c                          0x00000000   Number         0  h1_extend_mt.o ABSOLUTE
    ../clib/heap1.c                          0x00000000   Number         0  h1_init_mt.o ABSOLUTE
    ../clib/heap1.c                          0x00000000   Number         0  h1_extend.o ABSOLUTE
    ../clib/heap1.c                          0x00000000   Number         0  h1_alloc_mt.o ABSOLUTE
    ../clib/heap1.c                          0x00000000   Number         0  h1_init.o ABSOLUTE
    ../clib/heap2.c                          0x00000000   Number         0  heap2.o ABSOLUTE
    ../clib/heap2.c                          0x00000000   Number         0  heap2mt.o ABSOLUTE
    ../clib/heap2.c                          0x00000000   Number         0  fdtree.o ABSOLUTE
    ../clib/heapalloc.c                      0x00000000   Number         0  free.o ABSOLUTE
    ../clib/heapalloc.c                      0x00000000   Number         0  hrguard.o ABSOLUTE
    ../clib/heapalloc.c                      0x00000000   Number         0  hguard.o ABSOLUTE
    ../clib/heapalloc.c                      0x00000000   Number         0  init_alloc.o ABSOLUTE
    ../clib/heapalloc.c                      0x00000000   Number         0  malloc.o ABSOLUTE
    ../clib/heapalloc.c                      0x00000000   Number         0  heapstubs.o ABSOLUTE
    ../clib/heapalloc.c                      0x00000000   Number         0  term_alloc.o ABSOLUTE
    ../clib/heapalloc.c                      0x00000000   Number         0  maybetermalloc2.o ABSOLUTE
    ../clib/heapalloc.c                      0x00000000   Number         0  maybetermalloc2.o ABSOLUTE
    ../clib/heapalloc.c                      0x00000000   Number         0  maybetermalloc1.o ABSOLUTE
    ../clib/heapalloc.c                      0x00000000   Number         0  maybetermalloc1.o ABSOLUTE
    ../clib/heapaux.c                        0x00000000   Number         0  heapauxa.o ABSOLUTE
    ../clib/heapaux.c                        0x00000000   Number         0  heapauxi.o ABSOLUTE
    ../clib/libinit.s                        0x00000000   Number         0  libshutdown.o ABSOLUTE
    ../clib/libinit.s                        0x00000000   Number         0  libinit2.o ABSOLUTE
    ../clib/libinit.s                        0x00000000   Number         0  libshutdown2.o ABSOLUTE
    ../clib/libinit.s                        0x00000000   Number         0  libinit.o ABSOLUTE
    ../clib/memcpset.s                       0x00000000   Number         0  rt_memcpy_w.o ABSOLUTE
    ../clib/memcpset.s                       0x00000000   Number         0  rt_memclr_w.o ABSOLUTE
    ../clib/printf.c                         0x00000000   Number         0  __printf_flags_ss.o ABSOLUTE
    ../clib/printf.c                         0x00000000   Number         0  _printf_char_file.o ABSOLUTE
    ../clib/printf.c                         0x00000000   Number         0  __2printf.o ABSOLUTE
    ../clib/printf.c                         0x00000000   Number         0  noretval__2printf.o ABSOLUTE
    ../clib/printf.c                         0x00000000   Number         0  __printf.o ABSOLUTE
    ../clib/printf.c                         0x00000000   Number         0  _printf_dec.o ABSOLUTE
    ../clib/printf.c                         0x00000000   Number         0  __printf_flags.o ABSOLUTE
    ../clib/printf.c                         0x00000000   Number         0  __printf_ss.o ABSOLUTE
    ../clib/printf.c                         0x00000000   Number         0  __printf_wp.o ABSOLUTE
    ../clib/printf.c                         0x00000000   Number         0  __printf_flags_wp.o ABSOLUTE
    ../clib/printf.c                         0x00000000   Number         0  __printf_ss_wp.o ABSOLUTE
    ../clib/printf.c                         0x00000000   Number         0  __printf_flags_ss_wp.o ABSOLUTE
    ../clib/printf.c                         0x00000000   Number         0  _printf_intcommon.o ABSOLUTE
    ../clib/printf.c                         0x00000000   Number         0  _printf_char_common.o ABSOLUTE
    ../clib/printf.c                         0x00000000   Number         0  __printf_nopercent.o ABSOLUTE
    ../clib/printf_percent.s                 0x00000000   Number         0  _printf_u.o ABSOLUTE
    ../clib/printf_percent.s                 0x00000000   Number         0  _printf_percent.o ABSOLUTE
    ../clib/printf_percent.s                 0x00000000   Number         0  _printf_percent_end.o ABSOLUTE
    ../clib/signal.c                         0x00000000   Number         0  defsig_exit.o ABSOLUTE
    ../clib/signal.c                         0x00000000   Number         0  __raise.o ABSOLUTE
    ../clib/signal.c                         0x00000000   Number         0  defsig_general.o ABSOLUTE
    ../clib/signal.c                         0x00000000   Number         0  defsig_stak_inner.o ABSOLUTE
    ../clib/signal.c                         0x00000000   Number         0  defsig_other.o ABSOLUTE
    ../clib/signal.c                         0x00000000   Number         0  defsig_rtred_inner.o ABSOLUTE
    ../clib/signal.c                         0x00000000   Number         0  defsig_cppl_inner.o ABSOLUTE
    ../clib/signal.c                         0x00000000   Number         0  defsig_rtmem_outer.o ABSOLUTE
    ../clib/signal.c                         0x00000000   Number         0  defsig_segv_inner.o ABSOLUTE
    ../clib/signal.c                         0x00000000   Number         0  defsig_pvfn_inner.o ABSOLUTE
    ../clib/signal.c                         0x00000000   Number         0  defsig_rtmem_formal.o ABSOLUTE
    ../clib/signal.c                         0x00000000   Number         0  defsig_abrt_inner.o ABSOLUTE
    ../clib/signal.c                         0x00000000   Number         0  defsig_rtmem_inner.o ABSOLUTE
    ../clib/signal.c                         0x00000000   Number         0  defsig_fpe_inner.o ABSOLUTE
    ../clib/signal.c                         0x00000000   Number         0  defsig_rtred_formal.o ABSOLUTE
    ../clib/signal.c                         0x00000000   Number         0  defsig_rtred_outer.o ABSOLUTE
    ../clib/signal.s                         0x00000000   Number         0  defsig.o ABSOLUTE
    ../clib/stdio.c                          0x00000000   Number         0  fseek.o ABSOLUTE
    ../clib/stdio.c                          0x00000000   Number         0  stdio_streams.o ABSOLUTE
    ../clib/stdio.c                          0x00000000   Number         0  fopen.o ABSOLUTE
    ../clib/stdio.c                          0x00000000   Number         0  ftell.o ABSOLUTE
    ../clib/stdio.c                          0x00000000   Number         0  initio.o ABSOLUTE
    ../clib/stdio.c                          0x00000000   Number         0  fclose.o ABSOLUTE
    ../clib/stdio.c                          0x00000000   Number         0  initio_locked.o ABSOLUTE
    ../clib/stdio.c                          0x00000000   Number         0  setvbuf.o ABSOLUTE
    ../clib/stdio.c                          0x00000000   Number         0  streamlock.o ABSOLUTE
    ../clib/stdio.c                          0x00000000   Number         0  fopen_locked.o ABSOLUTE
    ../clib/stdio.c                          0x00000000   Number         0  setvbuf_locked.o ABSOLUTE
    ../clib/stdio.c                          0x00000000   Number         0  stdio.o ABSOLUTE
    ../clib/stdlib.c                         0x00000000   Number         0  exit.o ABSOLUTE
    ../clib/string.c                         0x00000000   Number         0  strlen.o ABSOLUTE
    ../fplib/fpinit.s                        0x00000000   Number         0  fpinit.o ABSOLUTE
    FIFO.c                                   0x00000000   Number         0  fifo.o ABSOLUTE
    Output.c                                 0x00000000   Number         0  output.o ABSOLUTE
    Performance.c                            0x00000000   Number         0  performance.o ABSOLUTE
    Startup.s                                0x00000000   Number         0  startup.o ABSOLUTE
    SysTick.c                                0x00000000   Number         0  systick.o ABSOLUTE
    cpu.c                                    0x00000000   Number         0  cpu.o ABSOLUTE
    cpu.c                                    0x00000000   Number         0  cpu.o ABSOLUTE
    dc.s                                     0x00000000   Number         0  dc.o ABSOLUTE
    gpio.c                                   0x00000000   Number         0  gpio.o ABSOLUTE
    interrupt.c                              0x00000000   Number         0  interrupt.o ABSOLUTE
    rit128x96x4.c                            0x00000000   Number         0  rit128x96x4.o ABSOLUTE
    ssi.c                                    0x00000000   Number         0  ssi.o ABSOLUTE
    sysctl.c                                 0x00000000   Number         0  sysctl.o ABSOLUTE
    sysctl.c                                 0x00000000   Number         0  sysctl.o ABSOLUTE
    !!!main                                  0x00000118   Section        8  __main.o(!!!main)
    !!!scatter                               0x00000120   Section       52  __scatter.o(!!!scatter)
    !!handler_copy                           0x00000154   Section       26  __scatter_copy.o(!!handler_copy)
    !!handler_zi                             0x00000170   Section       28  __scatter_zi.o(!!handler_zi)
    .ARM.Collect$$_printf_percent$$00000000  0x0000018c   Section        0  _printf_percent.o(.ARM.Collect$$_printf_percent$$00000000)
    .ARM.Collect$$_printf_percent$$0000000A  0x0000018c   Section        6  _printf_u.o(.ARM.Collect$$_printf_percent$$0000000A)
    .ARM.Collect$$_printf_percent$$00000017  0x00000192   Section        4  _printf_percent_end.o(.ARM.Collect$$_printf_percent$$00000017)
    .ARM.Collect$$libinit$$00000000          0x00000196   Section        2  libinit.o(.ARM.Collect$$libinit$$00000000)
    .ARM.Collect$$libinit$$00000002          0x00000198   Section        0  libinit2.o(.ARM.Collect$$libinit$$00000002)
    .ARM.Collect$$libinit$$00000003          0x00000198   Section        8  libinit2.o(.ARM.Collect$$libinit$$00000003)
    .ARM.Collect$$libinit$$00000008          0x000001a0   Section        0  libinit2.o(.ARM.Collect$$libinit$$00000008)
    .ARM.Collect$$libinit$$0000000A          0x000001a0   Section        0  libinit2.o(.ARM.Collect$$libinit$$0000000A)
    .ARM.Collect$$libinit$$0000000C          0x000001a0   Section        0  libinit2.o(.ARM.Collect$$libinit$$0000000C)
    .ARM.Collect$$libinit$$0000000F          0x000001a0   Section        0  libinit2.o(.ARM.Collect$$libinit$$0000000F)
    .ARM.Collect$$libinit$$00000011          0x000001a0   Section        0  libinit2.o(.ARM.Collect$$libinit$$00000011)
    .ARM.Collect$$libinit$$00000013          0x000001a0   Section        0  libinit2.o(.ARM.Collect$$libinit$$00000013)
    .ARM.Collect$$libinit$$00000015          0x000001a0   Section        0  libinit2.o(.ARM.Collect$$libinit$$00000015)
    .ARM.Collect$$libinit$$00000017          0x000001a0   Section        0  libinit2.o(.ARM.Collect$$libinit$$00000017)
    .ARM.Collect$$libinit$$00000019          0x000001a0   Section        0  libinit2.o(.ARM.Collect$$libinit$$00000019)
    .ARM.Collect$$libinit$$0000001B          0x000001a0   Section        0  libinit2.o(.ARM.Collect$$libinit$$0000001B)
    .ARM.Collect$$libinit$$0000001D          0x000001a0   Section        0  libinit2.o(.ARM.Collect$$libinit$$0000001D)
    .ARM.Collect$$libinit$$0000001F          0x000001a0   Section        0  libinit2.o(.ARM.Collect$$libinit$$0000001F)
    .ARM.Collect$$libinit$$00000021          0x000001a0   Section        0  libinit2.o(.ARM.Collect$$libinit$$00000021)
    .ARM.Collect$$libinit$$00000022          0x000001a0   Section        4  libinit2.o(.ARM.Collect$$libinit$$00000022)
    .ARM.Collect$$libinit$$00000023          0x000001a4   Section        0  libinit2.o(.ARM.Collect$$libinit$$00000023)
    .ARM.Collect$$libinit$$0000002A          0x000001a4   Section        0  libinit2.o(.ARM.Collect$$libinit$$0000002A)
    .ARM.Collect$$libinit$$0000002C          0x000001a4   Section        0  libinit2.o(.ARM.Collect$$libinit$$0000002C)
    .ARM.Collect$$libinit$$0000002E          0x000001a4   Section        0  libinit2.o(.ARM.Collect$$libinit$$0000002E)
    .ARM.Collect$$libinit$$00000030          0x000001a4   Section        0  libinit2.o(.ARM.Collect$$libinit$$00000030)
    .ARM.Collect$$libinit$$00000031          0x000001a4   Section        2  libinit2.o(.ARM.Collect$$libinit$$00000031)
    .ARM.Collect$$libshutdown$$00000000      0x000001a6   Section        2  libshutdown.o(.ARM.Collect$$libshutdown$$00000000)
    .ARM.Collect$$libshutdown$$00000002      0x000001a8   Section        4  libshutdown2.o(.ARM.Collect$$libshutdown$$00000002)
    .ARM.Collect$$libshutdown$$00000003      0x000001ac   Section        0  libshutdown2.o(.ARM.Collect$$libshutdown$$00000003)
    .ARM.Collect$$libshutdown$$00000006      0x000001ac   Section        0  libshutdown2.o(.ARM.Collect$$libshutdown$$00000006)
    .ARM.Collect$$libshutdown$$00000009      0x000001ac   Section        0  libshutdown2.o(.ARM.Collect$$libshutdown$$00000009)
    .ARM.Collect$$libshutdown$$0000000B      0x000001ac   Section        0  libshutdown2.o(.ARM.Collect$$libshutdown$$0000000B)
    .ARM.Collect$$libshutdown$$0000000E      0x000001ac   Section        0  libshutdown2.o(.ARM.Collect$$libshutdown$$0000000E)
    .ARM.Collect$$libshutdown$$0000000F      0x000001ac   Section        2  libshutdown2.o(.ARM.Collect$$libshutdown$$0000000F)
    .ARM.Collect$$rtentry$$00000000          0x000001ae   Section        0  rtentry.o(.ARM.Collect$$rtentry$$00000000)
    .ARM.Collect$$rtentry$$00000002          0x000001ae   Section        0  rtentry2.o(.ARM.Collect$$rtentry$$00000002)
    .ARM.Collect$$rtentry$$00000004          0x000001ae   Section        6  rtentry4.o(.ARM.Collect$$rtentry$$00000004)
    .ARM.Collect$$rtentry$$00000009          0x000001b4   Section        0  rtentry2.o(.ARM.Collect$$rtentry$$00000009)
    .ARM.Collect$$rtentry$$0000000A          0x000001b4   Section        4  rtentry2.o(.ARM.Collect$$rtentry$$0000000A)
    .ARM.Collect$$rtentry$$0000000C          0x000001b8   Section        0  rtentry2.o(.ARM.Collect$$rtentry$$0000000C)
    .ARM.Collect$$rtentry$$0000000D          0x000001b8   Section        8  rtentry2.o(.ARM.Collect$$rtentry$$0000000D)
    .ARM.Collect$$rtexit$$00000000           0x000001c0   Section        2  rtexit.o(.ARM.Collect$$rtexit$$00000000)
    .ARM.Collect$$rtexit$$00000002           0x000001c2   Section        0  rtexit2.o(.ARM.Collect$$rtexit$$00000002)
    .ARM.Collect$$rtexit$$00000003           0x000001c2   Section        4  rtexit2.o(.ARM.Collect$$rtexit$$00000003)
    .ARM.Collect$$rtexit$$00000004           0x000001c6   Section        6  rtexit2.o(.ARM.Collect$$rtexit$$00000004)
    .emb_text                                0x000001cc   Section        6  sysctl.o(.emb_text)
    .emb_text                                0x000001d4   Section        0  maybetermalloc1.o(.emb_text)
    .text                                    0x000001d4   Section       48  startup.o(.text)
    .text                                    0x00000204   Section        0  fifo.o(.text)
    .text                                    0x0000034c   Section        0  output.o(.text)
    .text                                    0x00000728   Section        0  performance.o(.text)
    .text                                    0x000007a0   Section        0  rit128x96x4.o(.text)
    RITWriteCommand                          0x000007a1   Thumb Code   124  rit128x96x4.o(.text)
    RITWriteData                             0x0000081d   Thumb Code   124  rit128x96x4.o(.text)
    .text                                    0x00000bc0   Section        0  systick.o(.text)
    .text                                    0x00000c14   Section        0  noretval__2printf.o(.text)
    .text                                    0x00000c2c   Section        0  __printf.o(.text)
    .text                                    0x00000c94   Section        0  _printf_dec.o(.text)
    .text                                    0x00000d0c   Section        0  heapauxi.o(.text)
    .text                                    0x00000d12   Section        0  _printf_intcommon.o(.text)
    .text                                    0x00000dcc   Section        0  _printf_char_file.o(.text)
    .text                                    0x00000df0   Section        0  _printf_char_common.o(.text)
    _printf_input_char                       0x00000df1   Thumb Code    10  _printf_char_common.o(.text)
    .text                                    0x00000e20   Section        0  initio.o(.text)
    .text                                    0x00000f58   Section        0  sys_io.o(.text)
    .text                                    0x00000fbe   Section       74  sys_stackheap_outer.o(.text)
    .text                                    0x00001008   Section        0  h1_free.o(.text)
    .text                                    0x00001056   Section        0  setvbuf.o(.text)
    .text                                    0x0000109c   Section        0  fopen.o(.text)
    _freopen_locked                          0x0000109d   Thumb Code     0  fopen.o(.text)
    .text                                    0x00001188   Section        0  fclose.o(.text)
    .text                                    0x000011d4   Section        0  exit.o(.text)
    .text                                    0x000011e0   Section        0  defsig_rtred_outer.o(.text)
    .text                                    0x000011ee   Section       78  rt_memclr_w.o(.text)
    .text                                    0x0000123c   Section        8  libspace.o(.text)
    .text                                    0x00001244   Section        2  use_no_semi.o(.text)
    .text                                    0x00001246   Section        0  indicate_semi.o(.text)
    .text                                    0x00001248   Section        8  rt_heap_descriptor_intlibspace.o(.text)
    .text                                    0x00001250   Section        0  hguard.o(.text)
    .text                                    0x00001254   Section        0  init_alloc.o(.text)
    .text                                    0x000012de   Section        0  h1_alloc.o(.text)
    .text                                    0x0000133c   Section        0  fseek.o(.text)
    .text                                    0x00001434   Section        0  stdio.o(.text)
    .text                                    0x00001524   Section        0  defsig_exit.o(.text)
    .text                                    0x00001530   Section        0  defsig_rtred_inner.o(.text)
    .text                                    0x00001564   Section        0  strlen.o(.text)
    .text                                    0x000015a4   Section        0  sys_exit.o(.text)
    .text                                    0x000015b0   Section        0  h1_init.o(.text)
    .text                                    0x000015be   Section        0  h1_extend.o(.text)
    .text                                    0x000015f2   Section        0  ftell.o(.text)
    .text                                    0x00001638   Section        0  defsig_general.o(.text)
    .text                                    0x0000166a   Section        0  defsig_rtmem_outer.o(.text)
    .text                                    0x00001678   Section        0  sys_wrch.o(.text)
    .text                                    0x00001688   Section        8  rt_errno_addr_intlibspace.o(.text)
    .text                                    0x00001690   Section        0  defsig_rtmem_inner.o(.text)
    i.GPIODirModeSet                         0x000016e0   Section        0  gpio.o(i.GPIODirModeSet)
    i.GPIOPadConfigSet                       0x00001708   Section        0  gpio.o(i.GPIOPadConfigSet)
    i.GPIOPinTypeGPIOOutput                  0x000017b8   Section        0  gpio.o(i.GPIOPinTypeGPIOOutput)
    i.GPIOPinTypeSSI                         0x000017d4   Section        0  gpio.o(i.GPIOPinTypeSSI)
    i.GPIOPinWrite                           0x000017f0   Section        0  gpio.o(i.GPIOPinWrite)
    i.SSIBusy                                0x000017f6   Section        0  ssi.o(i.SSIBusy)
    i.SSIConfigSetExpClk                     0x000017fe   Section        0  ssi.o(i.SSIConfigSetExpClk)
    i.SSIDataGetNonBlocking                  0x0000184a   Section        0  ssi.o(i.SSIDataGetNonBlocking)
    i.SSIDataPut                             0x0000185c   Section        0  ssi.o(i.SSIDataPut)
    i.SSIDisable                             0x00001868   Section        0  ssi.o(i.SSIDisable)
    i.SSIEnable                              0x00001872   Section        0  ssi.o(i.SSIEnable)
    i.SysCtlClockGet                         0x0000187c   Section        0  sysctl.o(i.SysCtlClockGet)
    i.SysCtlClockSet                         0x00001a60   Section        0  sysctl.o(i.SysCtlClockSet)
    i.SysCtlPeripheralEnable                 0x00001b98   Section        0  sysctl.o(i.SysCtlPeripheralEnable)
    .constdata                               0x00001bb8   Section      571  rit128x96x4.o(.constdata)
    g_pucRIT128x96x4VerticalInc              0x00001bb8   Data           2  rit128x96x4.o(.constdata)
    g_pucRIT128x96x4HorizontalInc            0x00001bba   Data           2  rit128x96x4.o(.constdata)
    g_pucFont                                0x00001bbc   Data         480  rit128x96x4.o(.constdata)
    g_pucRIT128x96x4Init                     0x00001d9c   Data          79  rit128x96x4.o(.constdata)
    pucCommand1                              0x00001deb   Data           3  rit128x96x4.o(.constdata)
    pucCommand2                              0x00001dee   Data           3  rit128x96x4.o(.constdata)
    pucCommand1                              0x00001df1   Data           2  rit128x96x4.o(.constdata)
    .constdata                               0x00001df4   Section      156  sysctl.o(.constdata)
    g_pulDCRegs                              0x00001df4   Data          16  sysctl.o(.constdata)
    g_pulSRCRRegs                            0x00001e04   Data          12  sysctl.o(.constdata)
    g_pulRCGCRegs                            0x00001e10   Data          12  sysctl.o(.constdata)
    g_pulSCGCRegs                            0x00001e1c   Data          12  sysctl.o(.constdata)
    g_pulDCGCRegs                            0x00001e28   Data          12  sysctl.o(.constdata)
    g_pulXtals                               0x00001e34   Data          92  sysctl.o(.constdata)
    .constdata                               0x00001e90   Section        4  sys_io.o(.constdata)
    .constdata                               0x00001e94   Section        4  sys_io.o(.constdata)
    .constdata                               0x00001e98   Section        4  sys_io.o(.constdata)
    .data                                    0x20000000   Section       16  fifo.o(.data)
    .data                                    0x20000010   Section        6  output.o(.data)
    CursorX                                  0x20000010   Data           2  output.o(.data)
    CursorY                                  0x20000012   Data           2  output.o(.data)
    Color                                    0x20000014   Data           1  output.o(.data)
    Status                                   0x20000015   Data           1  output.o(.data)
    .data                                    0x20000018   Section        8  performance.o(.data)
    .data                                    0x20000020   Section       12  rit128x96x4.o(.data)
    g_ulSSIFlags                             0x20000020   Data           4  rit128x96x4.o(.data)
    g_pucBuffer                              0x20000024   Data           8  rit128x96x4.o(.data)
    .data                                    0x2000002c   Section        4  stdio_streams.o(.data)
    .data                                    0x20000030   Section        4  stdio_streams.o(.data)
    .data                                    0x20000034   Section        4  stdio_streams.o(.data)
    .bss                                     0x20000038   Section       48  fifo.o(.bss)
    TxFifo                                   0x20000038   Data          16  fifo.o(.bss)
    RxFifo                                   0x20000048   Data          32  fifo.o(.bss)
    .bss                                     0x20000068   Section      504  output.o(.bss)
    CharBuffer                               0x20000068   Data         252  output.o(.bss)
    ColorBuffer                              0x20000164   Data         252  output.o(.bss)
    .bss                                     0x20000260   Section       84  stdio_streams.o(.bss)
    .bss                                     0x200002b4   Section       84  stdio_streams.o(.bss)
    .bss                                     0x20000308   Section       84  stdio_streams.o(.bss)
    .bss                                     0x2000035c   Section       96  libspace.o(.bss)
    HEAP                                     0x200003c0   Section        0  startup.o(HEAP)
    STACK                                    0x200003c0   Section     1024  startup.o(STACK)
    HeapMem                                  0x200003c0   Data           0  startup.o(HEAP)
    StackMem                                 0x200003c0   Data           0  startup.o(STACK)

    Global Symbols

    Symbol Name                              Value     Ov Type        Size  Object(Section)

    BuildAttributes$$THM_ISAv4$P$D$K$B$S$PE$A:L22UL41UL21$X:L11$S22US41US21$IEEE1$IW$USESV6$~STKCKD$USESV7$~SHL$OTIME$ROPI$EBA8$UX$STANDARDLIB$REQ8$PRES8$EABIv2 0x00000000   Number         0  anon$$obj.o ABSOLUTE
    __ARM_use_no_argv                        0x00000000   Number         0  performance.o ABSOLUTE
    __Vectors                                0x00000000   Data           0  startup.o(RESET)
    __ARM_exceptions_init                     - Undefined Weak Reference
    __alloca_initialize                       - Undefined Weak Reference
    __cpp_initialize__aeabi_                  - Undefined Weak Reference
    __cxa_finalize                            - Undefined Weak Reference
    __rt_locale                               - Undefined Weak Reference
    __sigvec_lookup                           - Undefined Weak Reference
    __user_heap_extent                        - Undefined Weak Reference
    _atexit_init                              - Undefined Weak Reference
    _call_atexit_fns                          - Undefined Weak Reference
    _clock_init                               - Undefined Weak Reference
    _fp_trap_init                             - Undefined Weak Reference
    _fp_trap_shutdown                         - Undefined Weak Reference
    _get_lc_collate                           - Undefined Weak Reference
    _get_lc_ctype                             - Undefined Weak Reference
    _get_lc_monetary                          - Undefined Weak Reference
    _get_lc_numeric                           - Undefined Weak Reference
    _get_lc_time                              - Undefined Weak Reference
    _getenv_init                              - Undefined Weak Reference
    _handle_redirection                       - Undefined Weak Reference
    _mutex_acquire                            - Undefined Weak Reference
    _mutex_free                               - Undefined Weak Reference
    _mutex_release                            - Undefined Weak Reference
    _printf_post_padding                      - Undefined Weak Reference
    _printf_pre_padding                       - Undefined Weak Reference
    _printf_truncate_signed                   - Undefined Weak Reference
    _printf_truncate_unsigned                 - Undefined Weak Reference
    _rand_init                                - Undefined Weak Reference
    _signal_finish                            - Undefined Weak Reference
    _signal_init                              - Undefined Weak Reference
    Reset_Handler                            0x00000101   Thumb Code     0  startup.o(RESET)
    NMI_Handler                              0x00000105   Thumb Code     2  startup.o(RESET)
    HardFault_Handler                        0x00000107   Thumb Code     2  startup.o(RESET)
    MemManage_Handler                        0x00000109   Thumb Code     2  startup.o(RESET)
    BusFault_Handler                         0x0000010b   Thumb Code     2  startup.o(RESET)
    UsageFault_Handler                       0x0000010d   Thumb Code     2  startup.o(RESET)
    SVC_Handler                              0x0000010f   Thumb Code     2  startup.o(RESET)
    DebugMon_Handler                         0x00000111   Thumb Code     2  startup.o(RESET)
    PendSV_Handler                           0x00000113   Thumb Code     2  startup.o(RESET)
    SysTick_Handler                          0x00000115   Thumb Code     2  startup.o(RESET)
    ADC0_Handler                             0x00000117   Thumb Code     0  startup.o(RESET)
    ADC1_Handler                             0x00000117   Thumb Code     0  startup.o(RESET)
    ADC2_Handler                             0x00000117   Thumb Code     0  startup.o(RESET)
    ADC3_Handler                             0x00000117   Thumb Code     0  startup.o(RESET)
    CAN0_Handler                             0x00000117   Thumb Code     0  startup.o(RESET)
    CAN1_Handler                             0x00000117   Thumb Code     0  startup.o(RESET)
    CAN2_Handler                             0x00000117   Thumb Code     0  startup.o(RESET)
    Comp0_Handler                            0x00000117   Thumb Code     0  startup.o(RESET)
    Comp1_Handler                            0x00000117   Thumb Code     0  startup.o(RESET)
    Comp2_Handler                            0x00000117   Thumb Code     0  startup.o(RESET)
    Ethernet_Handler                         0x00000117   Thumb Code     0  startup.o(RESET)
    FlashCtl_Handler                         0x00000117   Thumb Code     0  startup.o(RESET)
    GPIOPortA_Handler                        0x00000117   Thumb Code     0  startup.o(RESET)
    GPIOPortB_Handler                        0x00000117   Thumb Code     0  startup.o(RESET)
    GPIOPortC_Handler                        0x00000117   Thumb Code     0  startup.o(RESET)
    GPIOPortD_Handler                        0x00000117   Thumb Code     0  startup.o(RESET)
    GPIOPortE_Handler                        0x00000117   Thumb Code     0  startup.o(RESET)
    GPIOPortF_Handler                        0x00000117   Thumb Code     0  startup.o(RESET)
    GPIOPortG_Handler                        0x00000117   Thumb Code     0  startup.o(RESET)
    GPIOPortH_Handler                        0x00000117   Thumb Code     0  startup.o(RESET)
    Hibernate_Handler                        0x00000117   Thumb Code     0  startup.o(RESET)
    I2C0_Handler                             0x00000117   Thumb Code     0  startup.o(RESET)
    I2C1_Handler                             0x00000117   Thumb Code     0  startup.o(RESET)
    PWM0_Handler                             0x00000117   Thumb Code     0  startup.o(RESET)
    PWM1_Handler                             0x00000117   Thumb Code     0  startup.o(RESET)
    PWM2_Handler                             0x00000117   Thumb Code     0  startup.o(RESET)
    PWM3_Handler                             0x00000117   Thumb Code     0  startup.o(RESET)
    PWMFault_Handler                         0x00000117   Thumb Code     0  startup.o(RESET)
    Quadrature0_Handler                      0x00000117   Thumb Code     0  startup.o(RESET)
    Quadrature1_Handler                      0x00000117   Thumb Code     0  startup.o(RESET)
    SSI0_Handler                             0x00000117   Thumb Code     0  startup.o(RESET)
    SSI1_Handler                             0x00000117   Thumb Code     0  startup.o(RESET)
    SysCtl_Handler                           0x00000117   Thumb Code     0  startup.o(RESET)
    Timer0A_Handler                          0x00000117   Thumb Code     0  startup.o(RESET)
    Timer0B_Handler                          0x00000117   Thumb Code     0  startup.o(RESET)
    Timer1A_Handler                          0x00000117   Thumb Code     0  startup.o(RESET)
    Timer1B_Handler                          0x00000117   Thumb Code     0  startup.o(RESET)
    Timer2A_Handler                          0x00000117   Thumb Code     0  startup.o(RESET)
    Timer2B_Handler                          0x00000117   Thumb Code     0  startup.o(RESET)
    Timer3A_Handler                          0x00000117   Thumb Code     0  startup.o(RESET)
    Timer3B_Handler                          0x00000117   Thumb Code     0  startup.o(RESET)
    UART0_Handler                            0x00000117   Thumb Code     0  startup.o(RESET)
    UART1_Handler                            0x00000117   Thumb Code     0  startup.o(RESET)
    UART2_Handler                            0x00000117   Thumb Code     0  startup.o(RESET)
    USB0_Handler                             0x00000117   Thumb Code     0  startup.o(RESET)
    WDT_Handler                              0x00000117   Thumb Code     0  startup.o(RESET)
    uDMA_Error                               0x00000117   Thumb Code     0  startup.o(RESET)
    uDMA_Handler                             0x00000117   Thumb Code     0  startup.o(RESET)
    __main                                   0x00000119   Thumb Code     8  __main.o(!!!main)
    __scatterload                            0x00000121   Thumb Code     0  __scatter.o(!!!scatter)
    __scatterload_rt2                        0x00000121   Thumb Code    44  __scatter.o(!!!scatter)
    __scatterload_rt2_thumb_only             0x00000121   Thumb Code     0  __scatter.o(!!!scatter)
    __scatterload_null                       0x0000012f   Thumb Code     0  __scatter.o(!!!scatter)
    __scatterload_copy                       0x00000155   Thumb Code    26  __scatter_copy.o(!!handler_copy)
    __scatterload_zeroinit                   0x00000171   Thumb Code    28  __scatter_zi.o(!!handler_zi)
    _printf_percent                          0x0000018d   Thumb Code     0  _printf_percent.o(.ARM.Collect$$_printf_percent$$00000000)
    _printf_u                                0x0000018d   Thumb Code     0  _printf_u.o(.ARM.Collect$$_printf_percent$$0000000A)
    _printf_percent_end                      0x00000193   Thumb Code     0  _printf_percent_end.o(.ARM.Collect$$_printf_percent$$00000017)
    __rt_lib_init                            0x00000197   Thumb Code     0  libinit.o(.ARM.Collect$$libinit$$00000000)
    __rt_lib_init_fp_1                       0x00000199   Thumb Code     0  libinit2.o(.ARM.Collect$$libinit$$00000002)
    __rt_lib_init_heap_2                     0x00000199   Thumb Code     0  libinit2.o(.ARM.Collect$$libinit$$00000003)
    __rt_lib_init_atexit_1                   0x000001a1   Thumb Code     0  libinit2.o(.ARM.Collect$$libinit$$00000019)
    __rt_lib_init_clock_1                    0x000001a1   Thumb Code     0  libinit2.o(.ARM.Collect$$libinit$$0000001F)
    __rt_lib_init_fp_trap_1                  0x000001a1   Thumb Code     0  libinit2.o(.ARM.Collect$$libinit$$0000001D)
    __rt_lib_init_getenv_1                   0x000001a1   Thumb Code     0  libinit2.o(.ARM.Collect$$libinit$$00000021)
    __rt_lib_init_heap_1                     0x000001a1   Thumb Code     0  libinit2.o(.ARM.Collect$$libinit$$00000008)
    __rt_lib_init_lc_collate_1               0x000001a1   Thumb Code     0  libinit2.o(.ARM.Collect$$libinit$$0000000F)
    __rt_lib_init_lc_ctype_1                 0x000001a1   Thumb Code     0  libinit2.o(.ARM.Collect$$libinit$$00000011)
    __rt_lib_init_lc_monetary_1              0x000001a1   Thumb Code     0  libinit2.o(.ARM.Collect$$libinit$$00000013)
    __rt_lib_init_lc_numeric_1               0x000001a1   Thumb Code     0  libinit2.o(.ARM.Collect$$libinit$$00000015)
    __rt_lib_init_lc_time_1                  0x000001a1   Thumb Code     0  libinit2.o(.ARM.Collect$$libinit$$00000017)
    __rt_lib_init_rand_1                     0x000001a1   Thumb Code     0  libinit2.o(.ARM.Collect$$libinit$$0000000C)
    __rt_lib_init_signal_1                   0x000001a1   Thumb Code     0  libinit2.o(.ARM.Collect$$libinit$$0000001B)
    __rt_lib_init_stdio_2                    0x000001a1   Thumb Code     0  libinit2.o(.ARM.Collect$$libinit$$00000022)
    __rt_lib_init_user_alloc_1               0x000001a1   Thumb Code     0  libinit2.o(.ARM.Collect$$libinit$$0000000A)
    __rt_lib_init_alloca_1                   0x000001a5   Thumb Code     0  libinit2.o(.ARM.Collect$$libinit$$0000002C)
    __rt_lib_init_argv_1                     0x000001a5   Thumb Code     0  libinit2.o(.ARM.Collect$$libinit$$0000002A)
    __rt_lib_init_cpp_1                      0x000001a5   Thumb Code     0  libinit2.o(.ARM.Collect$$libinit$$00000030)
    __rt_lib_init_exceptions_1               0x000001a5   Thumb Code     0  libinit2.o(.ARM.Collect$$libinit$$0000002E)
    __rt_lib_init_return                     0x000001a5   Thumb Code     0  libinit2.o(.ARM.Collect$$libinit$$00000031)
    __rt_lib_init_stdio_1                    0x000001a5   Thumb Code     0  libinit2.o(.ARM.Collect$$libinit$$00000023)
    __rt_lib_shutdown                        0x000001a7   Thumb Code     0  libshutdown.o(.ARM.Collect$$libshutdown$$00000000)
    __rt_lib_shutdown_stdio_2                0x000001a9   Thumb Code     0  libshutdown2.o(.ARM.Collect$$libshutdown$$00000002)
    __rt_lib_shutdown_fp_trap_1              0x000001ad   Thumb Code     0  libshutdown2.o(.ARM.Collect$$libshutdown$$00000006)
    __rt_lib_shutdown_heap_1                 0x000001ad   Thumb Code     0  libshutdown2.o(.ARM.Collect$$libshutdown$$0000000E)
    __rt_lib_shutdown_return                 0x000001ad   Thumb Code     0  libshutdown2.o(.ARM.Collect$$libshutdown$$0000000F)
    __rt_lib_shutdown_signal_1               0x000001ad   Thumb Code     0  libshutdown2.o(.ARM.Collect$$libshutdown$$00000009)
    __rt_lib_shutdown_stdio_1                0x000001ad   Thumb Code     0  libshutdown2.o(.ARM.Collect$$libshutdown$$00000003)
    __rt_lib_shutdown_user_alloc_1           0x000001ad   Thumb Code     0  libshutdown2.o(.ARM.Collect$$libshutdown$$0000000B)
    __rt_entry                               0x000001af   Thumb Code     0  rtentry.o(.ARM.Collect$$rtentry$$00000000)
    __rt_entry_presh_1                       0x000001af   Thumb Code     0  rtentry2.o(.ARM.Collect$$rtentry$$00000002)
    __rt_entry_sh                            0x000001af   Thumb Code     0  rtentry4.o(.ARM.Collect$$rtentry$$00000004)
    __rt_entry_li                            0x000001b5   Thumb Code     0  rtentry2.o(.ARM.Collect$$rtentry$$0000000A)
    __rt_entry_postsh_1                      0x000001b5   Thumb Code     0  rtentry2.o(.ARM.Collect$$rtentry$$00000009)
    __rt_entry_main                          0x000001b9   Thumb Code     0  rtentry2.o(.ARM.Collect$$rtentry$$0000000D)
    __rt_entry_postli_1                      0x000001b9   Thumb Code     0  rtentry2.o(.ARM.Collect$$rtentry$$0000000C)
    __rt_exit                                0x000001c1   Thumb Code     0  rtexit.o(.ARM.Collect$$rtexit$$00000000)
    __rt_exit_ls                             0x000001c3   Thumb Code     0  rtexit2.o(.ARM.Collect$$rtexit$$00000003)
    __rt_exit_prels_1                        0x000001c3   Thumb Code     0  rtexit2.o(.ARM.Collect$$rtexit$$00000002)
    __rt_exit_exit                           0x000001c7   Thumb Code     0  rtexit2.o(.ARM.Collect$$rtexit$$00000004)
    SysCtlDelay                              0x000001cd   Thumb Code     6  sysctl.o(.emb_text)
    DisableInterrupts                        0x000001d5   Thumb Code     0  startup.o(.text)
    _maybe_terminate_alloc                   0x000001d5   Thumb Code     0  maybetermalloc1.o(.emb_text)
    EnableInterrupts                         0x000001d9   Thumb Code     0  startup.o(.text)
    StartCritical                            0x000001dd   Thumb Code     0  startup.o(.text)
    EndCritical                              0x000001e5   Thumb Code     0  startup.o(.text)
    WaitForInterrupt                         0x000001eb   Thumb Code     0  startup.o(.text)
    __user_initial_stackheap                 0x000001ef   Thumb Code     0  startup.o(.text)
    TxFifo_Init                              0x00000205   Thumb Code    26  fifo.o(.text)
    TxFifo_Put                               0x0000021f   Thumb Code    48  fifo.o(.text)
    TxFifo_Get                               0x0000024f   Thumb Code    46  fifo.o(.text)
    TxFifo_Size                              0x0000027d   Thumb Code    14  fifo.o(.text)
    RxFifo_Init                              0x0000028b   Thumb Code    26  fifo.o(.text)
    RxFifo_Put                               0x000002a5   Thumb Code    44  fifo.o(.text)
    RxFifo_Get                               0x000002d1   Thumb Code    58  fifo.o(.text)
    RxFifo_Size                              0x0000030b   Thumb Code    42  fifo.o(.text)
    shiftEverythingUp                        0x0000034d   Thumb Code   186  output.o(.text)
    fputc                                    0x00000407   Thumb Code   562  output.o(.text)
    fgetc                                    0x00000639   Thumb Code     6  output.o(.text)
    ferror                                   0x0000063f   Thumb Code     8  output.o(.text)
    Output_Init                              0x00000647   Thumb Code    82  output.o(.text)
    Output_Clear                             0x00000699   Thumb Code    68  output.o(.text)
    Output_Off                               0x000006dd   Thumb Code    14  output.o(.text)
    Output_On                                0x000006eb   Thumb Code    14  output.o(.text)
    Output_Color                             0x000006f9   Thumb Code    18  output.o(.text)
    main                                     0x00000729   Thumb Code    84  performance.o(.text)
    RIT128x96x4Clear                         0x00000899   Thumb Code    64  rit128x96x4.o(.text)
    RIT128x96x4StringDraw                    0x000008d9   Thumb Code   218  rit128x96x4.o(.text)
    RIT128x96x4ImageDraw                     0x000009b3   Thumb Code   106  rit128x96x4.o(.text)
    RIT128x96x4Enable                        0x00000a1d   Thumb Code    90  rit128x96x4.o(.text)
    RIT128x96x4Disable                       0x00000a77   Thumb Code    84  rit128x96x4.o(.text)
    RIT128x96x4Init                          0x00000acb   Thumb Code   146  rit128x96x4.o(.text)
    RIT128x96x4DisplayOn                     0x00000b5d   Thumb Code    84  rit128x96x4.o(.text)
    RIT128x96x4DisplayOff                    0x00000bb1   Thumb Code    12  rit128x96x4.o(.text)
    SysTick_Init                             0x00000bc1   Thumb Code    24  systick.o(.text)
    SysTick_Wait                             0x00000bd9   Thumb Code    32  systick.o(.text)
    SysTick_Wait10ms                         0x00000bf9   Thumb Code    22  systick.o(.text)
    __2printf                                0x00000c15   Thumb Code    20  noretval__2printf.o(.text)
    __printf                                 0x00000c2d   Thumb Code   104  __printf.o(.text)
    _printf_int_dec                          0x00000c95   Thumb Code   102  _printf_dec.o(.text)
    __use_two_region_memory                  0x00000d0d   Thumb Code     2  heapauxi.o(.text)
    __rt_heap_escrow                         0x00000d0f   Thumb Code     2  heapauxi.o(.text)
    __rt_heap_expand                         0x00000d11   Thumb Code     2  heapauxi.o(.text)
    _printf_int_common                       0x00000d13   Thumb Code   184  _printf_intcommon.o(.text)
    _printf_char_file                        0x00000dcd   Thumb Code    32  _printf_char_file.o(.text)
    _printf_char_common                      0x00000dfb   Thumb Code    32  _printf_char_common.o(.text)
    _initio                                  0x00000e21   Thumb Code   210  initio.o(.text)
    _terminateio                             0x00000ef3   Thumb Code    56  initio.o(.text)
    _sys_open                                0x00000f59   Thumb Code    20  sys_io.o(.text)
    _sys_close                               0x00000f6d   Thumb Code    12  sys_io.o(.text)
    _sys_write                               0x00000f79   Thumb Code    16  sys_io.o(.text)
    _sys_read                                0x00000f89   Thumb Code    14  sys_io.o(.text)
    _sys_istty                               0x00000f97   Thumb Code    12  sys_io.o(.text)
    _sys_seek                                0x00000fa3   Thumb Code    14  sys_io.o(.text)
    _sys_ensure                              0x00000fb1   Thumb Code     2  sys_io.o(.text)
    _sys_flen                                0x00000fb3   Thumb Code    12  sys_io.o(.text)
    __user_setup_stackheap                   0x00000fbf   Thumb Code    74  sys_stackheap_outer.o(.text)
    free                                     0x00001009   Thumb Code    78  h1_free.o(.text)
    setvbuf                                  0x00001057   Thumb Code    70  setvbuf.o(.text)
    freopen                                  0x0000109d   Thumb Code   158  fopen.o(.text)
    fopen                                    0x0000113b   Thumb Code    74  fopen.o(.text)
    _fclose_internal                         0x00001189   Thumb Code    76  fclose.o(.text)
    fclose                                   0x00001189   Thumb Code     0  fclose.o(.text)
    exit                                     0x000011d5   Thumb Code    12  exit.o(.text)
    __rt_SIGRTRED                            0x000011e1   Thumb Code    14  defsig_rtred_outer.o(.text)
    __aeabi_memclr4                          0x000011ef   Thumb Code     0  rt_memclr_w.o(.text)
    __aeabi_memclr8                          0x000011ef   Thumb Code     0  rt_memclr_w.o(.text)
    __rt_memclr_w                            0x000011ef   Thumb Code    78  rt_memclr_w.o(.text)
    _memset_w                                0x000011f3   Thumb Code     0  rt_memclr_w.o(.text)
    __user_libspace                          0x0000123d   Thumb Code     8  libspace.o(.text)
    __user_perproc_libspace                  0x0000123d   Thumb Code     0  libspace.o(.text)
    __user_perthread_libspace                0x0000123d   Thumb Code     0  libspace.o(.text)
    __I$use$semihosting                      0x00001245   Thumb Code     0  use_no_semi.o(.text)
    __use_no_semihosting_swi                 0x00001245   Thumb Code     2  use_no_semi.o(.text)
    __semihosting_library_function           0x00001247   Thumb Code     0  indicate_semi.o(.text)
    __rt_heap_descriptor                     0x00001249   Thumb Code     8  rt_heap_descriptor_intlibspace.o(.text)
    __use_no_heap                            0x00001251   Thumb Code     2  hguard.o(.text)
    __heap$guard                             0x00001253   Thumb Code     2  hguard.o(.text)
    _terminate_user_alloc                    0x00001255   Thumb Code     2  init_alloc.o(.text)
    _init_user_alloc                         0x00001257   Thumb Code     2  init_alloc.o(.text)
    __Heap_Full                              0x00001259   Thumb Code    34  init_alloc.o(.text)
    __Heap_Broken                            0x0000127b   Thumb Code     6  init_alloc.o(.text)
    _init_alloc                              0x00001281   Thumb Code    94  init_alloc.o(.text)
    malloc                                   0x000012df   Thumb Code    94  h1_alloc.o(.text)
    _fseek                                   0x0000133d   Thumb Code   242  fseek.o(.text)
    fseek                                    0x0000133d   Thumb Code     0  fseek.o(.text)
    _seterr                                  0x00001435   Thumb Code    20  stdio.o(.text)
    _writebuf                                0x00001449   Thumb Code    84  stdio.o(.text)
    _fflush                                  0x0000149d   Thumb Code    70  stdio.o(.text)
    _deferredlazyseek                        0x000014e3   Thumb Code    60  stdio.o(.text)
    __sig_exit                               0x00001525   Thumb Code    10  defsig_exit.o(.text)
    __rt_SIGRTRED_inner                      0x00001531   Thumb Code    14  defsig_rtred_inner.o(.text)
    strlen                                   0x00001565   Thumb Code    62  strlen.o(.text)
    _sys_exit                                0x000015a5   Thumb Code     8  sys_exit.o(.text)
    __Heap_Initialize                        0x000015b1   Thumb Code    10  h1_init.o(.text)
    __Heap_DescSize                          0x000015bb   Thumb Code     4  h1_init.o(.text)
    __Heap_ProvideMemory                     0x000015bf   Thumb Code    52  h1_extend.o(.text)
    _ftell_internal                          0x000015f3   Thumb Code    70  ftell.o(.text)
    ftell                                    0x000015f3   Thumb Code     0  ftell.o(.text)
    __default_signal_display                 0x00001639   Thumb Code    50  defsig_general.o(.text)
    __rt_SIGRTMEM                            0x0000166b   Thumb Code    14  defsig_rtmem_outer.o(.text)
    _ttywrch                                 0x00001679   Thumb Code    14  sys_wrch.o(.text)
    __aeabi_errno_addr                       0x00001689   Thumb Code     8  rt_errno_addr_intlibspace.o(.text)
    __errno$intlibspace                      0x00001689   Thumb Code     0  rt_errno_addr_intlibspace.o(.text)
    __rt_errno_addr$intlibspace              0x00001689   Thumb Code     0  rt_errno_addr_intlibspace.o(.text)
    __rt_SIGRTMEM_inner                      0x00001691   Thumb Code    22  defsig_rtmem_inner.o(.text)
    GPIODirModeSet                           0x000016e1   Thumb Code    40  gpio.o(i.GPIODirModeSet)
    GPIOPadConfigSet                         0x00001709   Thumb Code   176  gpio.o(i.GPIOPadConfigSet)
    GPIOPinTypeGPIOOutput                    0x000017b9   Thumb Code    28  gpio.o(i.GPIOPinTypeGPIOOutput)
    GPIOPinTypeSSI                           0x000017d5   Thumb Code    28  gpio.o(i.GPIOPinTypeSSI)
    GPIOPinWrite                             0x000017f1   Thumb Code     6  gpio.o(i.GPIOPinWrite)
    SSIBusy                                  0x000017f7   Thumb Code     8  ssi.o(i.SSIBusy)
    SSIConfigSetExpClk                       0x000017ff   Thumb Code    76  ssi.o(i.SSIConfigSetExpClk)
    SSIDataGetNonBlocking                    0x0000184b   Thumb Code    18  ssi.o(i.SSIDataGetNonBlocking)
    SSIDataPut                               0x0000185d   Thumb Code    12  ssi.o(i.SSIDataPut)
    SSIDisable                               0x00001869   Thumb Code    10  ssi.o(i.SSIDisable)
    SSIEnable                                0x00001873   Thumb Code    10  ssi.o(i.SSIEnable)
    SysCtlClockGet                           0x0000187d   Thumb Code   438  sysctl.o(i.SysCtlClockGet)
    SysCtlClockSet                           0x00001a61   Thumb Code   288  sysctl.o(i.SysCtlClockSet)
    SysCtlPeripheralEnable                   0x00001b99   Thumb Code    26  sysctl.o(i.SysCtlPeripheralEnable)
    __stdin_name                             0x00001e90   Data           4  sys_io.o(.constdata)
    __stdout_name                            0x00001e94   Data           4  sys_io.o(.constdata)
    __stderr_name                            0x00001e98   Data           4  sys_io.o(.constdata)
    Region$$Table$$Base                      0x00001e9c   Number         0  anon$$obj.o(Region$$Table)
    Region$$Table$$Limit                     0x00001ebc   Number         0  anon$$obj.o(Region$$Table)
    TxPutI                                   0x20000000   Data           4  fifo.o(.data)
    TxGetI                                   0x20000004   Data           4  fifo.o(.data)
    RxPutPt                                  0x20000008   Data           4  fifo.o(.data)
    RxGetPt                                  0x2000000c   Data           4  fifo.o(.data)
    before                                   0x20000018   Data           4  performance.o(.data)
    elapsed                                  0x2000001c   Data           4  performance.o(.data)
    __aeabi_stdin                            0x2000002c   Data           4  stdio_streams.o(.data)
    __aeabi_stdout                           0x20000030   Data           4  stdio_streams.o(.data)
    __aeabi_stderr                           0x20000034   Data           4  stdio_streams.o(.data)
    __stdin                                  0x20000260   Data          84  stdio_streams.o(.bss)
    __stdout                                 0x200002b4   Data          84  stdio_streams.o(.bss)
    __stderr                                 0x20000308   Data          84  stdio_streams.o(.bss)
    __libspace_start                         0x2000035c   Data          96  libspace.o(.bss)
    __temporary_stack_top$libspace           0x200003bc   Data           0  libspace.o(.bss)



==============================================================================

Memory Map of the image

  Image Entry point : 0x00000101

  Load Region LR_1 (Base: 0x00000000, Size: 0x00001ef4, Max: 0xffffffff, ABSOLUTE)

    Execution Region ER_RO (Base: 0x00000000, Size: 0x00001ebc, Max: 0xffffffff, ABSOLUTE)

    Base Addr    Size         Type   Attr      Idx    E Section Name        Object

    0x00000000   0x00000118   Code   RO            3  * RESET               startup.o
    0x00000118   0x00000008   Code   RO          873  * !!!main             c_w.l(__main.o)
    0x00000120   0x00000034   Code   RO         1189    !!!scatter          c_w.l(__scatter.o)
    0x00000154   0x0000001a   Code   RO         1191    !!handler_copy      c_w.l(__scatter_copy.o)
    0x0000016e   0x00000002   PAD
    0x00000170   0x0000001c   Code   RO         1193    !!handler_zi        c_w.l(__scatter_zi.o)
    0x0000018c   0x00000000   Code   RO          870    .ARM.Collect$$_printf_percent$$00000000  c_w.l(_printf_percent.o)
    0x0000018c   0x00000006   Code   RO          869    .ARM.Collect$$_printf_percent$$0000000A  c_w.l(_printf_u.o)
    0x00000192   0x00000004   Code   RO          880    .ARM.Collect$$_printf_percent$$00000017  c_w.l(_printf_percent_end.o)
    0x00000196   0x00000002   Code   RO          999    .ARM.Collect$$libinit$$00000000  c_w.l(libinit.o)
    0x00000198   0x00000000   Code   RO         1001    .ARM.Collect$$libinit$$00000002  c_w.l(libinit2.o)
    0x00000198   0x00000008   Code   RO         1002    .ARM.Collect$$libinit$$00000003  c_w.l(libinit2.o)
    0x000001a0   0x00000000   Code   RO         1004    .ARM.Collect$$libinit$$00000008  c_w.l(libinit2.o)
    0x000001a0   0x00000000   Code   RO         1006    .ARM.Collect$$libinit$$0000000A  c_w.l(libinit2.o)
    0x000001a0   0x00000000   Code   RO         1008    .ARM.Collect$$libinit$$0000000C  c_w.l(libinit2.o)
    0x000001a0   0x00000000   Code   RO         1011    .ARM.Collect$$libinit$$0000000F  c_w.l(libinit2.o)
    0x000001a0   0x00000000   Code   RO         1013    .ARM.Collect$$libinit$$00000011  c_w.l(libinit2.o)
    0x000001a0   0x00000000   Code   RO         1015    .ARM.Collect$$libinit$$00000013  c_w.l(libinit2.o)
    0x000001a0   0x00000000   Code   RO         1017    .ARM.Collect$$libinit$$00000015  c_w.l(libinit2.o)
    0x000001a0   0x00000000   Code   RO         1019    .ARM.Collect$$libinit$$00000017  c_w.l(libinit2.o)
    0x000001a0   0x00000000   Code   RO         1021    .ARM.Collect$$libinit$$00000019  c_w.l(libinit2.o)
    0x000001a0   0x00000000   Code   RO         1023    .ARM.Collect$$libinit$$0000001B  c_w.l(libinit2.o)
    0x000001a0   0x00000000   Code   RO         1025    .ARM.Collect$$libinit$$0000001D  c_w.l(libinit2.o)
    0x000001a0   0x00000000   Code   RO         1027    .ARM.Collect$$libinit$$0000001F  c_w.l(libinit2.o)
    0x000001a0   0x00000000   Code   RO         1029    .ARM.Collect$$libinit$$00000021  c_w.l(libinit2.o)
    0x000001a0   0x00000004   Code   RO         1030    .ARM.Collect$$libinit$$00000022  c_w.l(libinit2.o)
    0x000001a4   0x00000000   Code   RO         1031    .ARM.Collect$$libinit$$00000023  c_w.l(libinit2.o)
    0x000001a4   0x00000000   Code   RO         1035    .ARM.Collect$$libinit$$0000002A  c_w.l(libinit2.o)
    0x000001a4   0x00000000   Code   RO         1037    .ARM.Collect$$libinit$$0000002C  c_w.l(libinit2.o)
    0x000001a4   0x00000000   Code   RO         1039    .ARM.Collect$$libinit$$0000002E  c_w.l(libinit2.o)
    0x000001a4   0x00000000   Code   RO         1041    .ARM.Collect$$libinit$$00000030  c_w.l(libinit2.o)
    0x000001a4   0x00000002   Code   RO         1042    .ARM.Collect$$libinit$$00000031  c_w.l(libinit2.o)
    0x000001a6   0x00000002   Code   RO         1168    .ARM.Collect$$libshutdown$$00000000  c_w.l(libshutdown.o)
    0x000001a8   0x00000004   Code   RO         1044    .ARM.Collect$$libshutdown$$00000002  c_w.l(libshutdown2.o)
    0x000001ac   0x00000000   Code   RO         1045    .ARM.Collect$$libshutdown$$00000003  c_w.l(libshutdown2.o)
    0x000001ac   0x00000000   Code   RO         1048    .ARM.Collect$$libshutdown$$00000006  c_w.l(libshutdown2.o)
    0x000001ac   0x00000000   Code   RO         1051    .ARM.Collect$$libshutdown$$00000009  c_w.l(libshutdown2.o)
    0x000001ac   0x00000000   Code   RO         1053    .ARM.Collect$$libshutdown$$0000000B  c_w.l(libshutdown2.o)
    0x000001ac   0x00000000   Code   RO         1056    .ARM.Collect$$libshutdown$$0000000E  c_w.l(libshutdown2.o)
    0x000001ac   0x00000002   Code   RO         1057    .ARM.Collect$$libshutdown$$0000000F  c_w.l(libshutdown2.o)
    0x000001ae   0x00000000   Code   RO          875    .ARM.Collect$$rtentry$$00000000  c_w.l(rtentry.o)
    0x000001ae   0x00000000   Code   RO          888    .ARM.Collect$$rtentry$$00000002  c_w.l(rtentry2.o)
    0x000001ae   0x00000006   Code   RO          900    .ARM.Collect$$rtentry$$00000004  c_w.l(rtentry4.o)
    0x000001b4   0x00000000   Code   RO          890    .ARM.Collect$$rtentry$$00000009  c_w.l(rtentry2.o)
    0x000001b4   0x00000004   Code   RO          891    .ARM.Collect$$rtentry$$0000000A  c_w.l(rtentry2.o)
    0x000001b8   0x00000000   Code   RO          893    .ARM.Collect$$rtentry$$0000000C  c_w.l(rtentry2.o)
    0x000001b8   0x00000008   Code   RO          894    .ARM.Collect$$rtentry$$0000000D  c_w.l(rtentry2.o)
    0x000001c0   0x00000002   Code   RO         1064    .ARM.Collect$$rtexit$$00000000  c_w.l(rtexit.o)
    0x000001c2   0x00000000   Code   RO         1114    .ARM.Collect$$rtexit$$00000002  c_w.l(rtexit2.o)
    0x000001c2   0x00000004   Code   RO         1115    .ARM.Collect$$rtexit$$00000003  c_w.l(rtexit2.o)
    0x000001c6   0x00000006   Code   RO         1116    .ARM.Collect$$rtexit$$00000004  c_w.l(rtexit2.o)
    0x000001cc   0x00000006   Code   RO          472    .emb_text           driverlib.lib(sysctl.o)
    0x000001d2   0x00000002   PAD
    0x000001d4   0x00000000   Code   RO         1120    .emb_text           c_w.l(maybetermalloc1.o)
    0x000001d4   0x00000030   Code   RO            4    .text               startup.o
    0x00000204   0x00000148   Code   RO           12    .text               fifo.o
    0x0000034c   0x000003dc   Code   RO           32    .text               output.o
    0x00000728   0x00000078   Code   RO           57    .text               performance.o
    0x000007a0   0x00000420   Code   RO           81    .text               rit128x96x4.o
    0x00000bc0   0x00000054   Code   RO          120    .text               systick.o
    0x00000c14   0x00000018   Code   RO          843    .text               c_w.l(noretval__2printf.o)
    0x00000c2c   0x00000068   Code   RO          845    .text               c_w.l(__printf.o)
    0x00000c94   0x00000078   Code   RO          847    .text               c_w.l(_printf_dec.o)
    0x00000d0c   0x00000006   Code   RO          871    .text               c_w.l(heapauxi.o)
    0x00000d12   0x000000b8   Code   RO          876    .text               c_w.l(_printf_intcommon.o)
    0x00000dca   0x00000002   PAD
    0x00000dcc   0x00000024   Code   RO          878    .text               c_w.l(_printf_char_file.o)
    0x00000df0   0x00000030   Code   RO          902    .text               c_w.l(_printf_char_common.o)
    0x00000e20   0x00000138   Code   RO          904    .text               c_w.l(initio.o)
    0x00000f58   0x00000066   Code   RO          908    .text               c_w.l(sys_io.o)
    0x00000fbe   0x0000004a   Code   RO          915    .text               c_w.l(sys_stackheap_outer.o)
    0x00001008   0x0000004e   Code   RO          919    .text               c_w.l(h1_free.o)
    0x00001056   0x00000046   Code   RO          975    .text               c_w.l(setvbuf.o)
    0x0000109c   0x000000ec   Code   RO          978    .text               c_w.l(fopen.o)
    0x00001188   0x0000004c   Code   RO          980    .text               c_w.l(fclose.o)
    0x000011d4   0x0000000c   Code   RO          986    .text               c_w.l(exit.o)
    0x000011e0   0x0000000e   Code   RO          988    .text               c_w.l(defsig_rtred_outer.o)
    0x000011ee   0x0000004e   Code   RO          992    .text               c_w.l(rt_memclr_w.o)
    0x0000123c   0x00000008   Code   RO         1058    .text               c_w.l(libspace.o)
    0x00001244   0x00000002   Code   RO         1061    .text               c_w.l(use_no_semi.o)
    0x00001246   0x00000000   Code   RO         1063    .text               c_w.l(indicate_semi.o)
    0x00001246   0x00000002   PAD
    0x00001248   0x00000008   Code   RO         1071    .text               c_w.l(rt_heap_descriptor_intlibspace.o)
    0x00001250   0x00000004   Code   RO         1073    .text               c_w.l(hguard.o)
    0x00001254   0x0000008a   Code   RO         1075    .text               c_w.l(init_alloc.o)
    0x000012de   0x0000005e   Code   RO         1081    .text               c_w.l(h1_alloc.o)
    0x0000133c   0x000000f8   Code   RO         1095    .text               c_w.l(fseek.o)
    0x00001434   0x000000f0   Code   RO         1097    .text               c_w.l(stdio.o)
    0x00001524   0x0000000a   Code   RO         1099    .text               c_w.l(defsig_exit.o)
    0x0000152e   0x00000002   PAD
    0x00001530   0x00000034   Code   RO         1101    .text               c_w.l(defsig_rtred_inner.o)
    0x00001564   0x0000003e   Code   RO         1103    .text               c_w.l(strlen.o)
    0x000015a2   0x00000002   PAD
    0x000015a4   0x0000000c   Code   RO         1111    .text               c_w.l(sys_exit.o)
    0x000015b0   0x0000000e   Code   RO         1122    .text               c_w.l(h1_init.o)
    0x000015be   0x00000034   Code   RO         1124    .text               c_w.l(h1_extend.o)
    0x000015f2   0x00000046   Code   RO         1130    .text               c_w.l(ftell.o)
    0x00001638   0x00000032   Code   RO         1134    .text               c_w.l(defsig_general.o)
    0x0000166a   0x0000000e   Code   RO         1136    .text               c_w.l(defsig_rtmem_outer.o)
    0x00001678   0x0000000e   Code   RO         1149    .text               c_w.l(sys_wrch.o)
    0x00001686   0x00000002   PAD
    0x00001688   0x00000008   Code   RO         1156    .text               c_w.l(rt_errno_addr_intlibspace.o)
    0x00001690   0x00000050   Code   RO         1162    .text               c_w.l(defsig_rtmem_inner.o)
    0x000016e0   0x00000028   Code   RO          133    i.GPIODirModeSet    driverlib.lib(gpio.o)
    0x00001708   0x000000b0   Code   RO          138    i.GPIOPadConfigSet  driverlib.lib(gpio.o)
    0x000017b8   0x0000001c   Code   RO          151    i.GPIOPinTypeGPIOOutput  driverlib.lib(gpio.o)
    0x000017d4   0x0000001c   Code   RO          157    i.GPIOPinTypeSSI    driverlib.lib(gpio.o)
    0x000017f0   0x00000006   Code   RO          162    i.GPIOPinWrite      driverlib.lib(gpio.o)
    0x000017f6   0x00000008   Code   RO          361    i.SSIBusy           driverlib.lib(ssi.o)
    0x000017fe   0x0000004c   Code   RO          362    i.SSIConfigSetExpClk  driverlib.lib(ssi.o)
    0x0000184a   0x00000012   Code   RO          366    i.SSIDataGetNonBlocking  driverlib.lib(ssi.o)
    0x0000185c   0x0000000c   Code   RO          367    i.SSIDataPut        driverlib.lib(ssi.o)
    0x00001868   0x0000000a   Code   RO          369    i.SSIDisable        driverlib.lib(ssi.o)
    0x00001872   0x0000000a   Code   RO          370    i.SSIEnable         driverlib.lib(ssi.o)
    0x0000187c   0x000001e4   Code   RO          477    i.SysCtlClockGet    driverlib.lib(sysctl.o)
    0x00001a60   0x00000138   Code   RO          478    i.SysCtlClockSet    driverlib.lib(sysctl.o)
    0x00001b98   0x00000020   Code   RO          502    i.SysCtlPeripheralEnable  driverlib.lib(sysctl.o)
    0x00001bb8   0x0000023b   Data   RO           82    .constdata          rit128x96x4.o
    0x00001df3   0x00000001   PAD
    0x00001df4   0x0000009c   Data   RO          515    .constdata          driverlib.lib(sysctl.o)
    0x00001e90   0x00000004   Data   RO          909    .constdata          c_w.l(sys_io.o)
    0x00001e94   0x00000004   Data   RO          910    .constdata          c_w.l(sys_io.o)
    0x00001e98   0x00000004   Data   RO          911    .constdata          c_w.l(sys_io.o)
    0x00001e9c   0x00000020   Data   RO         1187    Region$$Table       anon$$obj.o


    Execution Region ER_RW (Base: 0x20000000, Size: 0x00000038, Max: 0xffffffff, ABSOLUTE)

    Base Addr    Size         Type   Attr      Idx    E Section Name        Object

    0x20000000   0x00000010   Data   RW           14    .data               fifo.o
    0x20000010   0x00000006   Data   RW           34    .data               output.o
    0x20000016   0x00000002   PAD
    0x20000018   0x00000008   Data   RW           58    .data               performance.o
    0x20000020   0x0000000c   Data   RW           83    .data               rit128x96x4.o
    0x2000002c   0x00000004   Data   RW          884    .data               c_w.l(stdio_streams.o)
    0x20000030   0x00000004   Data   RW          885    .data               c_w.l(stdio_streams.o)
    0x20000034   0x00000004   Data   RW          886    .data               c_w.l(stdio_streams.o)


    Execution Region ER_ZI (Base: 0x20000038, Size: 0x00000788, Max: 0xffffffff, ABSOLUTE)

    Base Addr    Size         Type   Attr      Idx    E Section Name        Object

    0x20000038   0x00000030   Zero   RW           13    .bss                fifo.o
    0x20000068   0x000001f8   Zero   RW           33    .bss                output.o
    0x20000260   0x00000054   Zero   RW          881    .bss                c_w.l(stdio_streams.o)
    0x200002b4   0x00000054   Zero   RW          882    .bss                c_w.l(stdio_streams.o)
    0x20000308   0x00000054   Zero   RW          883    .bss                c_w.l(stdio_streams.o)
    0x2000035c   0x00000060   Zero   RW         1059    .bss                c_w.l(libspace.o)
    0x200003bc   0x00000004   PAD
    0x200003c0   0x00000000   Zero   RW            2    HEAP                startup.o
    0x200003c0   0x00000400   Zero   RW            1    STACK               startup.o


==============================================================================

Image component sizes


      Code (inc. data)   RO Data    RW Data    ZI Data      Debug   Object Name

       328         24          0         16         48       5762   fifo.o
       988         30          0          6        504       4078   output.o
       120         36          0          8          0        688   performance.o
      1056         52        571         12          0       4090   rit128x96x4.o
       328        268          0          0       1024        908   startup.o
        84          6          0          0          0        837   systick.o

    ----------------------------------------------------------------------
      2904        416        604         44       1576      16363   Object Totals
         0          0         32          0          0          0   (incl. Generated)
         0          0          1          2          0          0   (incl. Padding)

    ----------------------------------------------------------------------

      Code (inc. data)   RO Data    RW Data    ZI Data      Debug   Library Member Name

         8          0          0          0          0         68   __main.o
       104          0          0          0          0         84   __printf.o
        52          8          0          0          0          0   __scatter.o
        26          0          0          0          0          0   __scatter_copy.o
        28          0          0          0          0          0   __scatter_zi.o
        48          6          0          0          0         96   _printf_char_common.o
        36          4          0          0          0         80   _printf_char_file.o
       120         18          0          0          0         92   _printf_dec.o
       184          0          0          0          0         88   _printf_intcommon.o
         0          0          0          0          0          0   _printf_percent.o
         4          0          0          0          0          0   _printf_percent_end.o
         6          0          0          0          0          0   _printf_u.o
        10          0          0          0          0         68   defsig_exit.o
        50          0          0          0          0         88   defsig_general.o
        80         58          0          0          0         76   defsig_rtmem_inner.o
        14          0          0          0          0         80   defsig_rtmem_outer.o
        52         38          0          0          0         76   defsig_rtred_inner.o
        14          0          0          0          0         80   defsig_rtred_outer.o
        12          0          0          0          0         72   exit.o
        76          0          0          0          0         88   fclose.o
       236          4          0          0          0        128   fopen.o
       248          6          0          0          0         84   fseek.o
        70          0          0          0          0         76   ftell.o
        94          0          0          0          0         80   h1_alloc.o
        52          0          0          0          0         68   h1_extend.o
        78          0          0          0          0         80   h1_free.o
        14          0          0          0          0         84   h1_init.o
         6          0          0          0          0        152   heapauxi.o
         4          0          0          0          0        136   hguard.o
         0          0          0          0          0          0   indicate_semi.o
       138          0          0          0          0        168   init_alloc.o
       312         46          0          0          0        112   initio.o
         2          0          0          0          0          0   libinit.o
        14          0          0          0          0          0   libinit2.o
         2          0          0          0          0          0   libshutdown.o
         6          0          0          0          0          0   libshutdown2.o
         8          4          0          0         96         68   libspace.o
         0          0          0          0          0          0   maybetermalloc1.o
        24          4          0          0          0         84   noretval__2printf.o
         8          4          0          0          0         68   rt_errno_addr_intlibspace.o
         8          4          0          0          0         68   rt_heap_descriptor_intlibspace.o
        78          0          0          0          0         80   rt_memclr_w.o
         0          0          0          0          0          0   rtentry.o
        12          0          0          0          0          0   rtentry2.o
         6          0          0          0          0          0   rtentry4.o
         2          0          0          0          0          0   rtexit.o
        10          0          0          0          0          0   rtexit2.o
        70          0          0          0          0         80   setvbuf.o
       240          6          0          0          0        156   stdio.o
         0          0          0         12        252          0   stdio_streams.o
        62          0          0          0          0         76   strlen.o
        12          4          0          0          0         68   sys_exit.o
       102          0         12          0          0        240   sys_io.o
        74          0          0          0          0         80   sys_stackheap_outer.o
        14          0          0          0          0         76   sys_wrch.o
         2          0          0          0          0         68   use_no_semi.o
       278          0          0          0          0       5992   gpio.o
       134          0          0          0          0       3033   ssi.o
       834         76        156          0          0       3771   sysctl.o

    ----------------------------------------------------------------------
      4192        290        168         12        352      16312   Library Totals
        14          0          0          0          4          0   (incl. Padding)

    ----------------------------------------------------------------------

      Code (inc. data)   RO Data    RW Data    ZI Data      Debug   Library Name

      2932        214         12         12        348       3516   c_w.l
      1246         76        156          0          0      12796   driverlib.lib

    ----------------------------------------------------------------------
      4192        290        168         12        352      16312   Library Totals

    ----------------------------------------------------------------------

==============================================================================


      Code (inc. data)   RO Data    RW Data    ZI Data      Debug   

      7096        706        772         56       1928      29833   Grand Totals
      7096        706        772         56       1928      29833   ELF Image Totals
      7096        706        772         56          0          0   ROM Totals

==============================================================================

    Total RO  Size (Code + RO Data)                 7868 (   7.68kB)
    Total RW  Size (RW Data + ZI Data)              1984 (   1.94kB)
    Total ROM Size (Code + RO Data + RW Data)       7924 (   7.74kB)

==============================================================================

